Archive member included because of file (symbol)

c:/freescale/kds_3.0.0/toolchain/bin/../lib/gcc/arm-none-eabi/4.8.4/../../../../arm-none-eabi/lib/armv7e-m/fpu\libg_s.a(lib_a-atoi.o)
                              ./source/AT_analysis.o (atoi)
c:/freescale/kds_3.0.0/toolchain/bin/../lib/gcc/arm-none-eabi/4.8.4/../../../../arm-none-eabi/lib/armv7e-m/fpu\libg_s.a(lib_a-errno.o)
                              ./utilities/fsl_sbrk.o (__errno)
c:/freescale/kds_3.0.0/toolchain/bin/../lib/gcc/arm-none-eabi/4.8.4/../../../../arm-none-eabi/lib/armv7e-m/fpu\libg_s.a(lib_a-exit.o)
                              c:/freescale/kds_3.0.0/toolchain/bin/../lib/gcc/arm-none-eabi/4.8.4/../../../../arm-none-eabi/lib/armv7e-m/fpu/crt0.o (exit)
c:/freescale/kds_3.0.0/toolchain/bin/../lib/gcc/arm-none-eabi/4.8.4/../../../../arm-none-eabi/lib/armv7e-m/fpu\libg_s.a(lib_a-impure.o)
                              c:/freescale/kds_3.0.0/toolchain/bin/../lib/gcc/arm-none-eabi/4.8.4/../../../../arm-none-eabi/lib/armv7e-m/fpu\libg_s.a(lib_a-exit.o) (_global_impure_ptr)
c:/freescale/kds_3.0.0/toolchain/bin/../lib/gcc/arm-none-eabi/4.8.4/../../../../arm-none-eabi/lib/armv7e-m/fpu\libg_s.a(lib_a-init.o)
                              c:/freescale/kds_3.0.0/toolchain/bin/../lib/gcc/arm-none-eabi/4.8.4/../../../../arm-none-eabi/lib/armv7e-m/fpu/crt0.o (__libc_init_array)
c:/freescale/kds_3.0.0/toolchain/bin/../lib/gcc/arm-none-eabi/4.8.4/../../../../arm-none-eabi/lib/armv7e-m/fpu\libg_s.a(lib_a-memcmp.o)
                              ./source/AT_execute.o (memcmp)
c:/freescale/kds_3.0.0/toolchain/bin/../lib/gcc/arm-none-eabi/4.8.4/../../../../arm-none-eabi/lib/armv7e-m/fpu\libg_s.a(lib_a-memcpy-stub.o)
                              ./uplink/mqtt_task.o (memcpy)
c:/freescale/kds_3.0.0/toolchain/bin/../lib/gcc/arm-none-eabi/4.8.4/../../../../arm-none-eabi/lib/armv7e-m/fpu\libg_s.a(lib_a-memset.o)
                              c:/freescale/kds_3.0.0/toolchain/bin/../lib/gcc/arm-none-eabi/4.8.4/../../../../arm-none-eabi/lib/armv7e-m/fpu/crt0.o (memset)
c:/freescale/kds_3.0.0/toolchain/bin/../lib/gcc/arm-none-eabi/4.8.4/../../../../arm-none-eabi/lib/armv7e-m/fpu\libg_s.a(lib_a-printf.o)
                              ./uplink/mqtt_task.o (printf)
c:/freescale/kds_3.0.0/toolchain/bin/../lib/gcc/arm-none-eabi/4.8.4/../../../../arm-none-eabi/lib/armv7e-m/fpu\libg_s.a(lib_a-rand.o)
                              ./source/hb_protocol.o (rand)
c:/freescale/kds_3.0.0/toolchain/bin/../lib/gcc/arm-none-eabi/4.8.4/../../../../arm-none-eabi/lib/armv7e-m/fpu\libg_s.a(lib_a-snprintf.o)
                              ./mqtt/MQTTpacket/MQTTFormat.o (snprintf)
c:/freescale/kds_3.0.0/toolchain/bin/../lib/gcc/arm-none-eabi/4.8.4/../../../../arm-none-eabi/lib/armv7e-m/fpu\libg_s.a(lib_a-sprintf.o)
                              ./uplink/mqtt_task.o (sprintf)
c:/freescale/kds_3.0.0/toolchain/bin/../lib/gcc/arm-none-eabi/4.8.4/../../../../arm-none-eabi/lib/armv7e-m/fpu\libg_s.a(lib_a-sscanf.o)
                              ./source/AT_run.o (sscanf)
c:/freescale/kds_3.0.0/toolchain/bin/../lib/gcc/arm-none-eabi/4.8.4/../../../../arm-none-eabi/lib/armv7e-m/fpu\libg_s.a(lib_a-stdio.o)
                              c:/freescale/kds_3.0.0/toolchain/bin/../lib/gcc/arm-none-eabi/4.8.4/../../../../arm-none-eabi/lib/armv7e-m/fpu\libg_s.a(lib_a-sscanf.o) (__seofread)
c:/freescale/kds_3.0.0/toolchain/bin/../lib/gcc/arm-none-eabi/4.8.4/../../../../arm-none-eabi/lib/armv7e-m/fpu\libg_s.a(lib_a-strcat.o)
                              ./uplink/mqtt_task.o (strcat)
c:/freescale/kds_3.0.0/toolchain/bin/../lib/gcc/arm-none-eabi/4.8.4/../../../../arm-none-eabi/lib/armv7e-m/fpu\libg_s.a(lib_a-strchr.o)
                              ./json/json.o (strchr)
c:/freescale/kds_3.0.0/toolchain/bin/../lib/gcc/arm-none-eabi/4.8.4/../../../../arm-none-eabi/lib/armv7e-m/fpu\libg_s.a(lib_a-strcmp.o)
                              ./source/AT_analysis.o (strcmp)
c:/freescale/kds_3.0.0/toolchain/bin/../lib/gcc/arm-none-eabi/4.8.4/../../../../arm-none-eabi/lib/armv7e-m/fpu\libg_s.a(lib_a-strcpy.o)
                              ./uplink/mqtt_task.o (strcpy)
c:/freescale/kds_3.0.0/toolchain/bin/../lib/gcc/arm-none-eabi/4.8.4/../../../../arm-none-eabi/lib/armv7e-m/fpu\libg_s.a(lib_a-strlen.o)
                              ./utilities/fsl_debug_console.o (strlen)
c:/freescale/kds_3.0.0/toolchain/bin/../lib/gcc/arm-none-eabi/4.8.4/../../../../arm-none-eabi/lib/armv7e-m/fpu\libg_s.a(lib_a-strncasecmp.o)
                              ./http_client/http_client.o (strncasecmp)
c:/freescale/kds_3.0.0/toolchain/bin/../lib/gcc/arm-none-eabi/4.8.4/../../../../arm-none-eabi/lib/armv7e-m/fpu\libg_s.a(lib_a-strncmp.o)
                              ./source/AT_analysis.o (strncmp)
c:/freescale/kds_3.0.0/toolchain/bin/../lib/gcc/arm-none-eabi/4.8.4/../../../../arm-none-eabi/lib/armv7e-m/fpu\libg_s.a(lib_a-strncpy.o)
                              ./source/mode_ctl.o (strncpy)
[...]
Memory Configuration

Name             Origin             Length             Attributes
m_interrupts     0x00000000         0x00000400         xr
m_flash_config   0x00000400         0x00000010         xr
m_text           0x00000420         0x0003fbe0         xr
m_data           0x1fff0000         0x0003d000         rw
m_data_2         0x2002d000         0x00002000         rw
*default*        0x00000000         0xffffffff

Linker script and memory map

LOAD c:/freescale/kds_3.0.0/toolchain/bin/../lib/gcc/arm-none-eabi/4.8.4/armv7e-m/fpu/crti.o
LOAD c:/freescale/kds_3.0.0/toolchain/bin/../lib/gcc/arm-none-eabi/4.8.4/armv7e-m/fpu/crtbegin.o
LOAD c:/freescale/kds_3.0.0/toolchain/bin/../lib/gcc/arm-none-eabi/4.8.4/../../../../arm-none-eabi/lib/armv7e-m/fpu/crt0.o
START GROUP
LOAD ./utilities/fsl_debug_console.o
LOAD ./utilities/fsl_sbrk.o
LOAD ./uplink/mqtt_task.o
LOAD ./startup/startup_MK24F25612.o
LOAD ./startup/system_MK24F25612.o
LOAD ./source/AT_analysis.o
LOAD ./source/AT_execute.o
LOAD ./source/AT_run.o
LOAD ./source/audio_play.o
LOAD ./source/dht11.o
LOAD ./source/fota.o
LOAD ./source/freertos_dspi.o
LOAD ./source/hb_protocol.o
LOAD ./source/hbb_config.o
LOAD ./source/log_task.o
LOAD ./source/main.o
LOAD ./source/mode_ctl.o
LOAD ./source/plc_if.o
LOAD ./source/protocol_2_17.o
LOAD ./source/rtc_fun.o
LOAD ./source/uart_plc.o
LOAD ./source/uart_ppp.o
LOAD ./source/version.o
LOAD ./source/wdog.o
LOAD ./source/wifi_module.o
LOAD ./rtos/freertos_8.2.3_k24/Source/portable/GCC/ARM_CM4F/port.o
LOAD ./rtos/freertos_8.2.3_k24/Source/croutine.o
LOAD ./rtos/freertos_8.2.3_k24/Source/event_groups.o
LOAD ./rtos/freertos_8.2.3_k24/Source/heap_4.o
LOAD ./rtos/freertos_8.2.3_k24/Source/list.o
LOAD ./rtos/freertos_8.2.3_k24/Source/queue.o
LOAD ./rtos/freertos_8.2.3_k24/Source/tasks.o
LOAD ./rtos/freertos_8.2.3_k24/Source/timers.o
LOAD ./mqtt/MQTTpacket/MQTTConnectClient.o
LOAD ./mqtt/MQTTpacket/MQTTConnectServer.o
LOAD ./mqtt/MQTTpacket/MQTTDeserializePublish.o
LOAD ./mqtt/MQTTpacket/MQTTFormat.o
LOAD ./mqtt/MQTTpacket/MQTTPacket.o
LOAD ./mqtt/MQTTpacket/MQTTSerializePublish.o
LOAD ./mqtt/MQTTpacket/MQTTSubscribeClient.o
LOAD ./mqtt/MQTTpacket/MQTTSubscribeServer.o
LOAD ./mqtt/MQTTpacket/MQTTUnsubscribeClient.o
LOAD ./mqtt/MQTTpacket/MQTTUnsubscribeServer.o
LOAD ./mqtt/MQTTClient.o
LOAD ./mqtt/MQTTFreeRTOS.o
LOAD ./modem_plc/drv_st7580/Timer.o
LOAD ./modem_plc/drv_st7580/drv_st7580.o
LOAD ./modem_plc/drv_st7580/drv_st7580_disp_msg.o
LOAD ./modem_plc/drv_st7580/plc_codec_ping.o
LOAD ./modem_plc/drv_st7580/uartplc_k24.o
LOAD ./modem_plc/test_ping_common.o
LOAD ./modem_plc/test_ping_sn.o
LOAD ./modem_gprs/modem_socket.o
LOAD ./modem_flash/spiflash_ll.o
LOAD ./lwip_1.4.1/src/netif/pppif.o
LOAD ./lwip_1.4.1/port/sys_arch.o
LOAD ./json/json.o
LOAD ./http_client/http_client.o
LOAD ./http_client/uplink_protocol.o
LOAD ./http_client/uplink_task.o
LOAD ./drivers/fsl_adc16.o
LOAD ./drivers/fsl_clock.o
LOAD ./drivers/fsl_cmp.o
LOAD ./drivers/fsl_cmt.o
LOAD ./drivers/fsl_common.o
LOAD ./drivers/fsl_crc.o
LOAD ./drivers/fsl_dac.o
LOAD ./drivers/fsl_dmamux.o
LOAD ./drivers/fsl_dspi.o
LOAD ./drivers/fsl_dspi_edma.o
LOAD ./drivers/fsl_dspi_freertos.o
LOAD ./drivers/fsl_edma.o
LOAD ./drivers/fsl_ewm.o
LOAD ./drivers/fsl_flash.o
LOAD ./drivers/fsl_ftm.o
LOAD ./drivers/fsl_gpio.o
LOAD ./drivers/fsl_i2c.o
LOAD ./drivers/fsl_i2c_edma.o
LOAD ./drivers/fsl_i2c_freertos.o
LOAD ./drivers/fsl_llwu.o
LOAD ./drivers/fsl_lptmr.o
LOAD ./drivers/fsl_pdb.o
LOAD ./drivers/fsl_pflash_freertos.o
LOAD ./drivers/fsl_pit.o
LOAD ./drivers/fsl_pmc.o
LOAD ./drivers/fsl_rcm.o
LOAD ./drivers/fsl_rnga.o
LOAD ./drivers/fsl_rtc.o
LOAD ./drivers/fsl_sai.o
LOAD ./drivers/fsl_sai_edma.o
LOAD ./drivers/fsl_sim.o
LOAD ./drivers/fsl_smc.o
LOAD ./drivers/fsl_uart.o
LOAD ./drivers/fsl_uart_edma.o
LOAD ./drivers/fsl_uart_freertos.o
LOAD ./drivers/fsl_vref.o
LOAD ./drivers/fsl_wdog.o
LOAD ./crypto/aes256.o
LOAD ./crypto/crc.o
LOAD ./crypto/sha1.o
LOAD ./crypto/uartEncodeDecode.o
LOAD ./console/simple_console.o
LOAD ./board/board.o
LOAD ./board/clock_config.o
LOAD ./board/pin_mux.o
LOAD ./7139/A7139.o
LOAD ./7139/A7139_CONFIG.o
LOAD ./7139/SPI_A7139.o
LOAD c:/freescale/kds_3.0.0/toolchain/bin/../lib/gcc/arm-none-eabi/4.8.4/../../../../arm-none-eabi/lib/armv7e-m/fpu\libg_s.a
LOAD c:/freescale/kds_3.0.0/toolchain/bin/../lib/gcc/arm-none-eabi/4.8.4/armv7e-m/fpu\libgcc.a
LOAD c:/freescale/kds_3.0.0/toolchain/bin/../lib/gcc/arm-none-eabi/4.8.4/../../../../arm-none-eabi/lib/armv7e-m/fpu\libnosys.a
END GROUP
LOAD c:/freescale/kds_3.0.0/toolchain/bin/../lib/gcc/arm-none-eabi/4.8.4/../../../../arm-none-eabi/lib/armv7e-m/fpu\libstdc++_s.a
LOAD c:/freescale/kds_3.0.0/toolchain/bin/../lib/gcc/arm-none-eabi/4.8.4/../../../../arm-none-eabi/lib/armv7e-m/fpu\libm.a
START GROUP
LOAD c:/freescale/kds_3.0.0/toolchain/bin/../lib/gcc/arm-none-eabi/4.8.4/armv7e-m/fpu\libgcc.a
LOAD c:/freescale/kds_3.0.0/toolchain/bin/../lib/gcc/arm-none-eabi/4.8.4/../../../../arm-none-eabi/lib/armv7e-m/fpu\libg_s.a
LOAD c:/freescale/kds_3.0.0/toolchain/bin/../lib/gcc/arm-none-eabi/4.8.4/../../../../arm-none-eabi/lib/armv7e-m/fpu\libc_s.a
END GROUP
START GROUP
LOAD c:/freescale/kds_3.0.0/toolchain/bin/../lib/gcc/arm-none-eabi/4.8.4/armv7e-m/fpu\libgcc.a
LOAD c:/freescale/kds_3.0.0/toolchain/bin/../lib/gcc/arm-none-eabi/4.8.4/../../../../arm-none-eabi/lib/armv7e-m/fpu\libc_s.a
END GROUP
LOAD c:/freescale/kds_3.0.0/toolchain/bin/../lib/gcc/arm-none-eabi/4.8.4/armv7e-m/fpu/crtend.o
LOAD c:/freescale/kds_3.0.0/toolchain/bin/../lib/gcc/arm-none-eabi/4.8.4/armv7e-m/fpu/crtn.o
                0x00000400                HEAP_SIZE = DEFINED (__heap_size__)?__heap_size__:0x400
                0x00000400                STACK_SIZE = DEFINED (__stack_size__)?__stack_size__:0x400
                0x00000000                M_VECTOR_RAM_SIZE = DEFINED (__ram_vector_table__)?0x400:0x0

.interrupts     0x00000000      0x400
                0x00000000                __VECTOR_TABLE = .
                0x00000000                . = ALIGN (0x4)
 *(.isr_vector)
 .isr_vector    0x00000000      0x400 ./startup/startup_MK24F25612.o
                0x00000000                __isr_vector
                0x00000400                . = ALIGN (0x4)

.flash_config   0x00000400       0x10
                0x00000400                . = ALIGN (0x4)
 *(.FlashConfig)
 .FlashConfig   0x00000400       0x10 ./startup/startup_MK24F25612.o
                0x00000410                . = ALIGN (0x4)

.ver_info       0x00000420        0x0
                0x00000420                . = ALIGN (0x4)
 *(.ver_info)

.text           0x00000420    0x11ba8
                0x00000420                . = ALIGN (0x4)
 *(.ver_info)
 *(.text)
 .text          0x00000420       0x54 c:/freescale/kds_3.0.0/toolchain/bin/../lib/gcc/arm-none-eabi/4.8.4/armv7e-m/fpu/crtbegin.o
 .text          0x00000474       0x74 c:/freescale/kds_3.0.0/toolchain/bin/../lib/gcc/arm-none-eabi/4.8.4/../../../../arm-none-eabi/lib/armv7e-m/fpu/crt0.o
                0x00000474                _start
                0x00000474                _mainCRTStartup
 .text          0x000004e8      0x1b0 ./startup/startup_MK24F25612.o
                0x000004e8                Reset_Handler
                0x00000544                DebugMon_Handler
                0x00000544                Reserved88_IRQHandler
                0x00000544                CMP0_IRQHandler
                0x00000544                Reserved86_IRQHandler
                0x00000544                DMA_Error_DriverIRQHandler
                0x00000544                Reserved93_IRQHandler
                0x00000544                UART1_ERR_DriverIRQHandler
                0x00000544                BusFault_Handler
                0x00000544                FTM2_IRQHandler
                0x00000544                FTM3_IRQHandler
                0x00000544                Reserved99_IRQHandler
                0x00000544                PIT0_IRQHandler
                0x00000544                LLWU_IRQHandler
                0x00000544                Reserved92_IRQHandler
                0x00000544                FTFA_IRQHandler
                0x00000544                SWI_IRQHandler
                0x00000544                ADC0_IRQHandler
                0x00000544                UsageFault_Handler
                0x00000544                MCM_IRQHandler
                0x00000544                CMT_IRQHandler
                0x00000544                FTM0_IRQHandler
                0x00000544                LVD_LVW_IRQHandler
                0x00000544                DefaultISR
                0x00000544                PIT1_IRQHandler
                0x00000544                UART5_ERR_DriverIRQHandler
                0x00000544                Reserved94_IRQHandler
                0x00000544                CMP1_IRQHandler
                0x00000544                Reserved71_IRQHandler
                0x00000544                PORTD_IRQHandler
                0x00000544                Reserved46_IRQHandler
                0x00000544                UART2_ERR_DriverIRQHandler
                0x00000544                ADC1_IRQHandler
                0x00000544                DAC0_IRQHandler
                0x00000544                PIT2_IRQHandler
                0x00000544                Reserved91_IRQHandler
                0x00000544                Reserved97_IRQHandler
                0x00000544                RTC_IRQHandler
                0x00000544                UART3_ERR_DriverIRQHandler
                0x00000544                PDB0_IRQHandler
                0x00000544                Reserved96_IRQHandler
                0x00000544                FTM1_IRQHandler
                0x00000544                RNG_IRQHandler
                0x00000544                Reserved95_IRQHandler
                0x00000544                Reserved100_IRQHandler
                0x00000544                PIT3_IRQHandler
                0x00000544                RTC_Seconds_IRQHandler
                0x00000544                MCG_IRQHandler
                0x00000544                UART0_ERR_DriverIRQHandler
                0x00000544                MemManage_Handler
                0x00000544                WDOG_EWM_IRQHandler
                0x00000544                UART4_ERR_DriverIRQHandler
                0x00000544                Read_Collision_IRQHandler
                0x00000544                Reserved98_IRQHandler
                0x00000544                USB0_IRQHandler
                0x00000544                USBDCD_IRQHandler
                0x00000544                Reserved101_IRQHandler
                0x00000548                NMI_Handler
                0x0000055c                DMA0_IRQHandler
                0x00000560                DMA1_IRQHandler
                0x00000564                DMA2_IRQHandler
                0x00000568                DMA3_IRQHandler
                0x0000056c                DMA4_IRQHandler
                0x00000570                DMA5_IRQHandler
                0x00000574                DMA6_IRQHandler
                0x00000578                DMA7_IRQHandler
                0x0000057c                DMA8_IRQHandler
                0x00000580                DMA9_IRQHandler
                0x00000584                DMA10_IRQHandler
                0x00000588                DMA11_IRQHandler
                0x0000058c                DMA12_IRQHandler
                0x00000590                DMA13_IRQHandler
                0x00000594                DMA14_IRQHandler
                0x00000598                DMA15_IRQHandler
                0x0000059c                DMA_Error_IRQHandler
                0x000005a0                I2C0_IRQHandler
                0x000005a4                I2C1_IRQHandler
                0x000005a8                SPI0_IRQHandler
                0x000005ac                SPI1_IRQHandler
                0x000005b0                I2S0_Tx_IRQHandler
                0x000005b4                I2S0_Rx_IRQHandler
                0x000005b8                UART0_RX_TX_IRQHandler
                0x000005bc                UART0_ERR_IRQHandler
                0x000005c0                UART1_RX_TX_IRQHandler
                0x000005c4                UART1_ERR_IRQHandler
                0x000005c8                UART2_RX_TX_IRQHandler
                0x000005cc                UART2_ERR_IRQHandler
                0x000005d0                UART3_RX_TX_IRQHandler
                0x000005d4                UART3_ERR_IRQHandler
                0x000005d8                SPI2_IRQHandler
                0x000005dc                UART4_RX_TX_IRQHandler
                0x000005e0                UART4_ERR_IRQHandler
                0x000005e4                UART5_RX_TX_IRQHandler
                0x000005e8                UART5_ERR_IRQHandler
                0x000005ec                I2C2_IRQHandler
 .text          0x00000698       0x14 c:/freescale/kds_3.0.0/toolchain/bin/../lib/gcc/arm-none-eabi/4.8.4/../../../../arm-none-eabi/lib/armv7e-m/fpu\libg_s.a(lib_a-strcmp.o)
                0x00000698                strcmp
 .text          0x000006ac      0x370 c:/freescale/kds_3.0.0/toolchain/bin/../lib/gcc/arm-none-eabi/4.8.4/armv7e-m/fpu\libgcc.a(_arm_addsubdf3.o)
                0x000006ac                __aeabi_drsub
                0x000006b4                __aeabi_dsub
                0x000006b4                __subdf3
                0x000006b8                __aeabi_dadd
                0x000006b8                __adddf3
                0x00000930                __floatunsidf
                0x00000930                __aeabi_ui2d
                0x00000950                __floatsidf
                0x00000950                __aeabi_i2d
                0x00000974                __aeabi_f2d
                0x00000974                __extendsfdf2
                0x000009b0                __floatundidf
                0x000009b0                __aeabi_ul2d
                0x000009c0                __floatdidf
                0x000009c0                __aeabi_l2d
 .text          0x00000a1c      0x424 c:/freescale/kds_3.0.0/toolchain/bin/../lib/gcc/arm-none-eabi/4.8.4/armv7e-m/fpu\libgcc.a(_arm_muldivdf3.o)
                0x00000a1c                __aeabi_dmul
                0x00000a1c                __muldf3
                0x00000c70                __divdf3
                0x00000c70                __aeabi_ddiv
 .text          0x00000e40       0x50 c:/freescale/kds_3.0.0/toolchain/bin/../lib/gcc/arm-none-eabi/4.8.4/armv7e-m/fpu\libgcc.a(_arm_fixdfsi.o)
                0x00000e40                __aeabi_d2iz
                0x00000e40                __fixdfsi
 *(.text*)
 .text.UART_EnableTx
                0x00000e90       0x40 ./utilities/fsl_debug_console.o
 .text.UART_EnableRx
                0x00000ed0       0x40 ./utilities/fsl_debug_console.o
 .text.DbgConsole_Init
                0x00000f10       0x90 ./utilities/fsl_debug_console.o
                0x00000f10                DbgConsole_Init
 .text.DbgConsole_Printf
                0x00000fa0       0x40 ./utilities/fsl_debug_console.o
                0x00000fa0                DbgConsole_Printf
 .text.DbgConsole_Putchar
                0x00000fe0       0x38 ./utilities/fsl_debug_console.o
                0x00000fe0                DbgConsole_Putchar
 .text.DbgConsole_PrintfPaddingCharacter
                0x00001018       0x40 ./utilities/fsl_debug_console.o
 .text.DbgConsole_ConvertRadixNumToString
                0x00001058      0x118 ./utilities/fsl_debug_console.o
 .text.DbgConsole_PrintfFormattedData
                0x00001170      0x354 ./utilities/fsl_debug_console.o
 .text._write   0x000014c4       0x58 ./utilities/fsl_debug_console.o
                0x000014c4                _write
 .text._read    0x0000151c       0x44 ./utilities/fsl_debug_console.o
                0x0000151c                _read
 .text._sbrk    0x00001560       0x5c ./utilities/fsl_sbrk.o
                0x00001560                _sbrk
 .text.SystemInit
                0x000015bc       0x3c ./startup/system_MK24F25612.o
                0x000015bc                SystemInit
 .text.NVIC_SetPriority
                0x000015f8       0x54 ./source/AT_analysis.o
 .text.get_info_pc
                0x0000164c      0x234 ./source/AT_analysis.o
                0x0000164c                get_info_pc
 .text.at_get_line
                0x00001880       0x98 ./source/AT_analysis.o
                0x00001880                at_get_line
 .text.at_uart_task
                0x00001918       0x70 ./source/AT_analysis.o
                0x00001918                at_uart_task
 .text.NVIC_SetPriority
                0x00001988       0x54 ./source/AT_execute.o
 .text.SETPRODUCEINFO
                0x000019dc       0x98 ./source/AT_execute.o
                0x000019dc                SETPRODUCEINFO
 .text.SETNORDATAIMG
                0x00001a74      0x1d4 ./source/AT_execute.o
                0x00001a74                SETNORDATAIMG
 .text.wifi_produce_init
                0x00001c48       0x9c ./source/AT_execute.o
                0x00001c48                wifi_produce_init
 .text.wifi_produce_check_ack
                0x00001ce4       0x58 ./source/AT_execute.o
                0x00001ce4                wifi_produce_check_ack
 .text.StrToHex
                0x00001d3c      0x1ac ./source/AT_execute.o
                0x00001d3c                StrToHex
 .text.NVIC_SystemReset
                0x00001ee8       0x28 ./source/AT_run.o
 .text.at_run_task
                0x00001f10      0x440 ./source/AT_run.o
                0x00001f10                at_run_task
 .text.NVIC_EnableIRQ
                0x00002350       0x30 ./source/audio_play.o
 .text.NVIC_SetPriority
                0x00002380       0x54 ./source/audio_play.o
 .text.GPIO_SetPinsOutput
                0x000023d4       0x1c ./source/audio_play.o
 .text.DAC_Enable
                0x000023f0       0x48 ./source/audio_play.o
 .text.PIT_GetDefaultConfig
                0x00002438       0x34 ./source/audio_play.o
 .text.PIT_SetTimerPeriod
                0x0000246c       0x28 ./source/audio_play.o
 .text.PIT_StartTimer
                0x00002494       0x38 ./source/audio_play.o
 .text.PIT_StopTimer
                0x000024cc       0x38 ./source/audio_play.o
 .text.DMAMUX_EnableChannel
                0x00002504       0x48 ./source/audio_play.o
 .text.DMAMUX_DisableChannel
                0x0000254c       0x48 ./source/audio_play.o
 .text.DMAMUX_SetSource
                0x00002594       0x58 ./source/audio_play.o
 .text.DMAMUX_EnablePeriodTrigger
                0x000025ec       0x48 ./source/audio_play.o
 .text.Init_Audio
                0x00002634      0x1e0 ./source/audio_play.o
                0x00002634                Init_Audio
 .text.Init_Pit
                0x00002814       0x4c ./source/audio_play.o
                0x00002814                Init_Pit
 .text.Init_DAC_Data
                0x00002860       0x28 ./source/audio_play.o
                0x00002860                Init_DAC_Data
 .text.audio_feed_task
                0x00002888      0x1a4 ./source/audio_play.o
                0x00002888                audio_feed_task
 .text.DMA0_DriverIRQHandler
                0x00002a2c       0x98 ./source/audio_play.o
                0x00002a2c                DMA0_DriverIRQHandler
 .text.us_delay
                0x00002ac4       0x38 ./source/dht11.o
                0x00002ac4                us_delay
 .text.init_A7139
                0x00002afc       0x64 ./source/hb_protocol.o
                0x00002afc                init_A7139
 .text.GPIO_SetPinsOutput
                0x00002b60       0x1c ./source/main.o
 .text.GPIO_TogglePinsOutput
                0x00002b7c       0x1c ./source/main.o
 .text.system_sync_init
                0x00002b98      0x30c ./source/main.o
                0x00002b98                system_sync_init
 .text.main     0x00002ea4       0xc0 ./source/main.o
                0x00002ea4                main
 .text.vApplicationStackOverflowHook
                0x00002f64       0x38 ./source/main.o
                0x00002f64                vApplicationStackOverflowHook
 .text.sync_hbb_info
                0x00002f9c       0x54 ./source/mode_ctl.o
                0x00002f9c                sync_hbb_info
 .text.get_hbb_info
                0x00002ff0       0x5c ./source/mode_ctl.o
                0x00002ff0                get_hbb_info
 .text.RTC_StartTimer
                0x0000304c       0x20 ./source/rtc_fun.o
 .text.set_rtc_clock_source
                0x0000306c       0x1c ./source/rtc_fun.o
 .text.rtc_init
                0x00003088       0x2c ./source/rtc_fun.o
                0x00003088                rtc_init
 .text.HardFault_Handler
                0x000030b4       0xa0 ./source/wdog.o
                0x000030b4                HardFault_Handler
 .text.uart_wifi_sendData
                0x00003154      0x1d0 ./source/wifi_module.o
                0x00003154                uart_wifi_sendData
 .text.pxPortInitialiseStack
                0x00003324       0x64 ./rtos/freertos_8.2.3_k24/Source/portable/GCC/ARM_CM4F/port.o
                0x00003324                pxPortInitialiseStack
 .text.prvTaskExitError
                0x00003388       0x3c ./rtos/freertos_8.2.3_k24/Source/portable/GCC/ARM_CM4F/port.o
 .text.SVC_Handler
                0x000033c4       0x20 ./rtos/freertos_8.2.3_k24/Source/portable/GCC/ARM_CM4F/port.o
                0x000033c4                SVC_Handler
 .text.prvPortStartFirstTask
                0x000033e4       0x20 ./rtos/freertos_8.2.3_k24/Source/portable/GCC/ARM_CM4F/port.o
 .text.xPortStartScheduler
                0x00003404      0x118 ./rtos/freertos_8.2.3_k24/Source/portable/GCC/ARM_CM4F/port.o
                0x00003404                xPortStartScheduler
 .text.vPortEnterCritical
                0x0000351c       0x5c ./rtos/freertos_8.2.3_k24/Source/portable/GCC/ARM_CM4F/port.o
                0x0000351c                vPortEnterCritical
 .text.vPortExitCritical
                0x00003578       0x4c ./rtos/freertos_8.2.3_k24/Source/portable/GCC/ARM_CM4F/port.o
                0x00003578                vPortExitCritical
 .text.PendSV_Handler
                0x000035c4       0x60 ./rtos/freertos_8.2.3_k24/Source/portable/GCC/ARM_CM4F/port.o
                0x000035c4                PendSV_Handler
 .text.SysTick_Handler
                0x00003624       0x44 ./rtos/freertos_8.2.3_k24/Source/portable/GCC/ARM_CM4F/port.o
                0x00003624                SysTick_Handler
 .text.vPortSetupTimerInterrupt
                0x00003668       0x40 ./rtos/freertos_8.2.3_k24/Source/portable/GCC/ARM_CM4F/port.o
                0x00003668                vPortSetupTimerInterrupt
 .text.vPortEnableVFP
                0x000036a8       0x14 ./rtos/freertos_8.2.3_k24/Source/portable/GCC/ARM_CM4F/port.o
 .text.vPortValidateInterruptPriority
                0x000036bc       0x78 ./rtos/freertos_8.2.3_k24/Source/portable/GCC/ARM_CM4F/port.o
                0x000036bc                vPortValidateInterruptPriority
 .text.xEventGroupCreate
                0x00003734       0x30 ./rtos/freertos_8.2.3_k24/Source/event_groups.o
                0x00003734                xEventGroupCreate
 .text.xEventGroupWaitBits
                0x00003764      0x194 ./rtos/freertos_8.2.3_k24/Source/event_groups.o
                0x00003764                xEventGroupWaitBits
 .text.xEventGroupClearBits
                0x000038f8       0x6c ./rtos/freertos_8.2.3_k24/Source/event_groups.o
                0x000038f8                xEventGroupClearBits
 .text.xEventGroupSetBits
                0x00003964      0x114 ./rtos/freertos_8.2.3_k24/Source/event_groups.o
                0x00003964                xEventGroupSetBits
 .text.vEventGroupDelete
                0x00003a78       0x60 ./rtos/freertos_8.2.3_k24/Source/event_groups.o
                0x00003a78                vEventGroupDelete
 .text.vEventGroupSetBitsCallback
                0x00003ad8       0x18 ./rtos/freertos_8.2.3_k24/Source/event_groups.o
                0x00003ad8                vEventGroupSetBitsCallback
 .text.prvTestWaitCondition
                0x00003af0       0x44 ./rtos/freertos_8.2.3_k24/Source/event_groups.o
 .text.xEventGroupSetBitsFromISR
                0x00003b34       0x28 ./rtos/freertos_8.2.3_k24/Source/event_groups.o
                0x00003b34                xEventGroupSetBitsFromISR
 .text.pvPortMalloc
                0x00003b5c      0x184 ./rtos/freertos_8.2.3_k24/Source/heap_4.o
                0x00003b5c                pvPortMalloc
 .text.vPortFree
                0x00003ce0       0xb0 ./rtos/freertos_8.2.3_k24/Source/heap_4.o
                0x00003ce0                vPortFree
 .text.prvHeapInit
                0x00003d90       0xc4 ./rtos/freertos_8.2.3_k24/Source/heap_4.o
 .text.prvInsertBlockIntoFreeList
                0x00003e54       0xb0 ./rtos/freertos_8.2.3_k24/Source/heap_4.o
 .text.vListInitialise
                0x00003f04       0x40 ./rtos/freertos_8.2.3_k24/Source/list.o
                0x00003f04                vListInitialise
 .text.vListInitialiseItem
                0x00003f44       0x18 ./rtos/freertos_8.2.3_k24/Source/list.o
                0x00003f44                vListInitialiseItem
 .text.vListInsertEnd
                0x00003f5c       0x48 ./rtos/freertos_8.2.3_k24/Source/list.o
                0x00003f5c                vListInsertEnd
 .text.vListInsert
                0x00003fa4       0x70 ./rtos/freertos_8.2.3_k24/Source/list.o
                0x00003fa4                vListInsert
 .text.uxListRemove
                0x00004014       0x54 ./rtos/freertos_8.2.3_k24/Source/list.o
                0x00004014                uxListRemove
 .text.xQueueGenericReset
                0x00004068       0xd0 ./rtos/freertos_8.2.3_k24/Source/queue.o
                0x00004068                xQueueGenericReset
 .text.xQueueGenericCreate
                0x00004138       0xb4 ./rtos/freertos_8.2.3_k24/Source/queue.o
                0x00004138                xQueueGenericCreate
 .text.xQueueCreateMutex
                0x000041ec       0x84 ./rtos/freertos_8.2.3_k24/Source/queue.o
                0x000041ec                xQueueCreateMutex
 .text.xQueueGenericSend
                0x00004270      0x1ec ./rtos/freertos_8.2.3_k24/Source/queue.o
                0x00004270                xQueueGenericSend
 .text.xQueueGenericSendFromISR
                0x0000445c      0x118 ./rtos/freertos_8.2.3_k24/Source/queue.o
                0x0000445c                xQueueGenericSendFromISR
 .text.xQueueGiveFromISR
                0x00004574      0x100 ./rtos/freertos_8.2.3_k24/Source/queue.o
                0x00004574                xQueueGiveFromISR
 .text.xQueueGenericReceive
                0x00004674      0x20c ./rtos/freertos_8.2.3_k24/Source/queue.o
                0x00004674                xQueueGenericReceive
 .text.vQueueDelete
                0x00004880       0x38 ./rtos/freertos_8.2.3_k24/Source/queue.o
                0x00004880                vQueueDelete
 .text.prvCopyDataToQueue
                0x000048b8       0xdc ./rtos/freertos_8.2.3_k24/Source/queue.o
 .text.prvCopyDataFromQueue
                0x00004994       0x4c ./rtos/freertos_8.2.3_k24/Source/queue.o
 .text.prvUnlockQueue
                0x000049e0       0x98 ./rtos/freertos_8.2.3_k24/Source/queue.o
 .text.prvIsQueueEmpty
                0x00004a78       0x2c ./rtos/freertos_8.2.3_k24/Source/queue.o
 .text.prvIsQueueFull
                0x00004aa4       0x30 ./rtos/freertos_8.2.3_k24/Source/queue.o
 .text.vQueueAddToRegistry
                0x00004ad4       0x50 ./rtos/freertos_8.2.3_k24/Source/queue.o
                0x00004ad4                vQueueAddToRegistry
 .text.vQueueUnregisterQueue
                0x00004b24       0x44 ./rtos/freertos_8.2.3_k24/Source/queue.o
                0x00004b24                vQueueUnregisterQueue
 .text.vQueueWaitForMessageRestricted
                0x00004b68       0x5c ./rtos/freertos_8.2.3_k24/Source/queue.o
                0x00004b68                vQueueWaitForMessageRestricted
 .text.xTaskGenericCreate
                0x00004bc4      0x1a0 ./rtos/freertos_8.2.3_k24/Source/tasks.o
                0x00004bc4                xTaskGenericCreate
 .text.vTaskDelay
                0x00004d64       0xa4 ./rtos/freertos_8.2.3_k24/Source/tasks.o
                0x00004d64                vTaskDelay
 .text.vTaskSuspend
                0x00004e08      0x110 ./rtos/freertos_8.2.3_k24/Source/tasks.o
                0x00004e08                vTaskSuspend
 .text.vTaskStartScheduler
                0x00004f18       0xa0 ./rtos/freertos_8.2.3_k24/Source/tasks.o
                0x00004f18                vTaskStartScheduler
 .text.vTaskSuspendAll
                0x00004fb8       0x1c ./rtos/freertos_8.2.3_k24/Source/tasks.o
                0x00004fb8                vTaskSuspendAll
 .text.xTaskResumeAll
                0x00004fd4      0x128 ./rtos/freertos_8.2.3_k24/Source/tasks.o
                0x00004fd4                xTaskResumeAll
 .text.xTaskGetTickCount
                0x000050fc       0x20 ./rtos/freertos_8.2.3_k24/Source/tasks.o
                0x000050fc                xTaskGetTickCount
 .text.xTaskIncrementTick
                0x0000511c      0x15c ./rtos/freertos_8.2.3_k24/Source/tasks.o
                0x0000511c                xTaskIncrementTick
 .text.vTaskSwitchContext
                0x00005278      0x138 ./rtos/freertos_8.2.3_k24/Source/tasks.o
                0x00005278                vTaskSwitchContext
 .text.vTaskPlaceOnEventList
                0x000053b0       0x9c ./rtos/freertos_8.2.3_k24/Source/tasks.o
                0x000053b0                vTaskPlaceOnEventList
 .text.vTaskPlaceOnUnorderedEventList
                0x0000544c       0xc8 ./rtos/freertos_8.2.3_k24/Source/tasks.o
                0x0000544c                vTaskPlaceOnUnorderedEventList
 .text.vTaskPlaceOnEventListRestricted
                0x00005514       0x9c ./rtos/freertos_8.2.3_k24/Source/tasks.o
                0x00005514                vTaskPlaceOnEventListRestricted
 .text.xTaskRemoveFromEventList
                0x000055b0       0xc4 ./rtos/freertos_8.2.3_k24/Source/tasks.o
                0x000055b0                xTaskRemoveFromEventList
 .text.xTaskRemoveFromUnorderedEventList
                0x00005674       0xcc ./rtos/freertos_8.2.3_k24/Source/tasks.o
                0x00005674                xTaskRemoveFromUnorderedEventList
 .text.vTaskSetTimeOutState
                0x00005740       0x44 ./rtos/freertos_8.2.3_k24/Source/tasks.o
                0x00005740                vTaskSetTimeOutState
 .text.xTaskCheckForTimeOut
                0x00005784       0xbc ./rtos/freertos_8.2.3_k24/Source/tasks.o
                0x00005784                xTaskCheckForTimeOut
 .text.vTaskMissedYield
                0x00005840       0x18 ./rtos/freertos_8.2.3_k24/Source/tasks.o
                0x00005840                vTaskMissedYield
 .text.prvIdleTask
                0x00005858       0x30 ./rtos/freertos_8.2.3_k24/Source/tasks.o
 .text.prvInitialiseTCBVariables
                0x00005888       0xa8 ./rtos/freertos_8.2.3_k24/Source/tasks.o
 .text.prvInitialiseTaskLists
                0x00005930       0x7c ./rtos/freertos_8.2.3_k24/Source/tasks.o
 .text.prvCheckTasksWaitingTermination
                0x000059ac       0x74 ./rtos/freertos_8.2.3_k24/Source/tasks.o
 .text.prvAddCurrentTaskToDelayedList
                0x00005a20       0x6c ./rtos/freertos_8.2.3_k24/Source/tasks.o
 .text.prvAllocateTCBAndStack
                0x00005a8c       0x70 ./rtos/freertos_8.2.3_k24/Source/tasks.o
 .text.prvDeleteTCB
                0x00005afc       0x20 ./rtos/freertos_8.2.3_k24/Source/tasks.o
 .text.prvResetNextTaskUnblockTime
                0x00005b1c       0x48 ./rtos/freertos_8.2.3_k24/Source/tasks.o
 .text.xTaskGetSchedulerState
                0x00005b64       0x3c ./rtos/freertos_8.2.3_k24/Source/tasks.o
                0x00005b64                xTaskGetSchedulerState
 .text.vTaskPriorityInherit
                0x00005ba0       0xec ./rtos/freertos_8.2.3_k24/Source/tasks.o
                0x00005ba0                vTaskPriorityInherit
 .text.xTaskPriorityDisinherit
                0x00005c8c      0x108 ./rtos/freertos_8.2.3_k24/Source/tasks.o
                0x00005c8c                xTaskPriorityDisinherit
 .text.uxTaskResetEventItemValue
                0x00005d94       0x30 ./rtos/freertos_8.2.3_k24/Source/tasks.o
                0x00005d94                uxTaskResetEventItemValue
 .text.pvTaskIncrementMutexHeldCount
                0x00005dc4       0x28 ./rtos/freertos_8.2.3_k24/Source/tasks.o
                0x00005dc4                pvTaskIncrementMutexHeldCount
 .text.xTimerCreateTimerTask
                0x00005dec       0x68 ./rtos/freertos_8.2.3_k24/Source/timers.o
                0x00005dec                xTimerCreateTimerTask
 .text.xTimerGenericCommand
                0x00005e54       0xa4 ./rtos/freertos_8.2.3_k24/Source/timers.o
                0x00005e54                xTimerGenericCommand
 .text.prvProcessExpiredTimer
                0x00005ef8       0x80 ./rtos/freertos_8.2.3_k24/Source/timers.o
 .text.prvTimerTask
                0x00005f78       0x24 ./rtos/freertos_8.2.3_k24/Source/timers.o
 .text.prvProcessTimerOrBlockTask
                0x00005f9c       0x9c ./rtos/freertos_8.2.3_k24/Source/timers.o
 .text.prvGetNextExpireTime
                0x00006038       0x48 ./rtos/freertos_8.2.3_k24/Source/timers.o
 .text.prvSampleTimeNow
                0x00006080       0x40 ./rtos/freertos_8.2.3_k24/Source/timers.o
 .text.prvInsertTimerInActiveList
                0x000060c0       0x84 ./rtos/freertos_8.2.3_k24/Source/timers.o
 .text.prvProcessReceivedCommands
                0x00006144      0x164 ./rtos/freertos_8.2.3_k24/Source/timers.o
 .text.prvSwitchTimerLists
                0x000062a8       0xc0 ./rtos/freertos_8.2.3_k24/Source/timers.o
 .text.prvCheckForValidListAndQueue
                0x00006368       0x8c ./rtos/freertos_8.2.3_k24/Source/timers.o
 .text.xTimerPendFunctionCallFromISR
                0x000063f4       0x44 ./rtos/freertos_8.2.3_k24/Source/timers.o
                0x000063f4                xTimerPendFunctionCallFromISR
 .text.NVIC_SetPriority
                0x00006438       0x54 ./modem_flash/spiflash_ll.o
 .text.norflash_addr_to_buffer
                0x0000648c       0x40 ./modem_flash/spiflash_ll.o
 .text.norflash_set_write_latch
                0x000064cc       0x5c ./modem_flash/spiflash_ll.o
                0x000064cc                norflash_set_write_latch
 .text.norflash_read_status
                0x00006528       0x84 ./modem_flash/spiflash_ll.o
                0x00006528                norflash_read_status
 .text.read_ID  0x000065ac       0x8c ./modem_flash/spiflash_ll.o
                0x000065ac                read_ID
 .text.norflash_sector_erase_ll
                0x00006638       0x7c ./modem_flash/spiflash_ll.o
                0x00006638                norflash_sector_erase_ll
 .text.norflash_read_data_ll
                0x000066b4       0x90 ./modem_flash/spiflash_ll.o
                0x000066b4                norflash_read_data_ll
 .text.norflash_write_data_ll
                0x00006744       0xfc ./modem_flash/spiflash_ll.o
                0x00006744                norflash_write_data_ll
 .text.spi_flash_test
                0x00006840       0x34 ./modem_flash/spiflash_ll.o
                0x00006840                spi_flash_test
 .text.spi_flash_init
                0x00006874       0x90 ./modem_flash/spiflash_ll.o
                0x00006874                spi_flash_init
 .text.CLOCK_SetEr32kClock
                0x00006904       0x2c ./drivers/fsl_clock.o
 .text.CLOCK_SetPllFllSelClock
                0x00006930       0x38 ./drivers/fsl_clock.o
 .text.CLOCK_SetRtcClkOutClock
                0x00006968       0x38 ./drivers/fsl_clock.o
 .text.OSC_SetExtRefClkConfig
                0x000069a0       0x34 ./drivers/fsl_clock.o
 .text.OSC_SetCapLoad
                0x000069d4       0x34 ./drivers/fsl_clock.o
 .text.CLOCK_GetMcgExtClkFreq
                0x00006a08       0x8c ./drivers/fsl_clock.o
 .text.CLOCK_GetFllExtRefClkFreq
                0x00006a94       0xc8 ./drivers/fsl_clock.o
 .text.CLOCK_GetInternalRefClkSelectFreq
                0x00006b5c       0x44 ./drivers/fsl_clock.o
 .text.CLOCK_GetFllRefClkFreq
                0x00006ba0       0x2c ./drivers/fsl_clock.o
 .text.CLOCK_GetPll0RefFreq
                0x00006bcc       0x10 ./drivers/fsl_clock.o
 .text.CLOCK_GetOscRangeFromFreq
                0x00006bdc       0x3c ./drivers/fsl_clock.o
 .text.CLOCK_GetOsc0ErClkFreq
                0x00006c18       0x48 ./drivers/fsl_clock.o
                0x00006c18                CLOCK_GetOsc0ErClkFreq
 .text.CLOCK_GetEr32kClkFreq
                0x00006c60       0x80 ./drivers/fsl_clock.o
                0x00006c60                CLOCK_GetEr32kClkFreq
 .text.CLOCK_GetPllFllSelClkFreq
                0x00006ce0       0x54 ./drivers/fsl_clock.o
                0x00006ce0                CLOCK_GetPllFllSelClkFreq
 .text.CLOCK_GetBusClkFreq
                0x00006d34       0x28 ./drivers/fsl_clock.o
                0x00006d34                CLOCK_GetBusClkFreq
 .text.CLOCK_GetFreq
                0x00006d5c      0x124 ./drivers/fsl_clock.o
                0x00006d5c                CLOCK_GetFreq
 .text.CLOCK_SetSimConfig
                0x00006e80       0x3c ./drivers/fsl_clock.o
                0x00006e80                CLOCK_SetSimConfig
 .text.CLOCK_GetOutClkFreq
                0x00006ebc       0x64 ./drivers/fsl_clock.o
                0x00006ebc                CLOCK_GetOutClkFreq
 .text.CLOCK_GetFllFreq
                0x00006f20       0x74 ./drivers/fsl_clock.o
                0x00006f20                CLOCK_GetFllFreq
 .text.CLOCK_GetInternalRefClkFreq
                0x00006f94       0x24 ./drivers/fsl_clock.o
                0x00006f94                CLOCK_GetInternalRefClkFreq
 .text.CLOCK_GetFixedFreqClkFreq
                0x00006fb8       0x30 ./drivers/fsl_clock.o
                0x00006fb8                CLOCK_GetFixedFreqClkFreq
 .text.CLOCK_GetPll0Freq
                0x00006fe8       0x78 ./drivers/fsl_clock.o
                0x00006fe8                CLOCK_GetPll0Freq
 .text.CLOCK_SetExternalRefClkConfig
                0x00007060       0x90 ./drivers/fsl_clock.o
                0x00007060                CLOCK_SetExternalRefClkConfig
 .text.CLOCK_SetInternalRefClkConfig
                0x000070f0      0x104 ./drivers/fsl_clock.o
                0x000070f0                CLOCK_SetInternalRefClkConfig
 .text.CLOCK_EnablePll0
                0x000071f4       0x94 ./drivers/fsl_clock.o
                0x000071f4                CLOCK_EnablePll0
 .text.CLOCK_InitOsc0
                0x00007288       0x8c ./drivers/fsl_clock.o
                0x00007288                CLOCK_InitOsc0
 .text.CLOCK_SetPbeMode
                0x00007314       0x98 ./drivers/fsl_clock.o
                0x00007314                CLOCK_SetPbeMode
 .text.CLOCK_BootToPeeMode
                0x000073ac       0x74 ./drivers/fsl_clock.o
                0x000073ac                CLOCK_BootToPeeMode
 .text.__assert_func
                0x00007420       0x28 ./drivers/fsl_common.o
                0x00007420                __assert_func
 .text.CLOCK_EnableClock
                0x00007448       0x34 ./drivers/fsl_dac.o
 .text.DAC_GetInstance
                0x0000747c       0x50 ./drivers/fsl_dac.o
 .text.DAC_Init
                0x000074cc       0x78 ./drivers/fsl_dac.o
                0x000074cc                DAC_Init
 .text.DAC_GetDefaultConfig
                0x00007544       0x38 ./drivers/fsl_dac.o
                0x00007544                DAC_GetDefaultConfig
 .text.DAC_SetBufferConfig
                0x0000757c       0xb8 ./drivers/fsl_dac.o
                0x0000757c                DAC_SetBufferConfig
 .text.DAC_GetDefaultBufferConfig
                0x00007634       0x44 ./drivers/fsl_dac.o
                0x00007634                DAC_GetDefaultBufferConfig
 .text.CLOCK_EnableClock
                0x00007678       0x34 ./drivers/fsl_dmamux.o
 .text.DMAMUX_GetInstance
                0x000076ac       0x50 ./drivers/fsl_dmamux.o
 .text.DMAMUX_Init
                0x000076fc       0x20 ./drivers/fsl_dmamux.o
                0x000076fc                DMAMUX_Init
 .text.NVIC_EnableIRQ
                0x0000771c       0x30 ./drivers/fsl_dspi.o
 .text.CLOCK_EnableClock
                0x0000774c       0x34 ./drivers/fsl_dspi.o
 .text.EnableIRQ
                0x00007780       0x1c ./drivers/fsl_dspi.o
 .text.DSPI_Enable
                0x0000779c       0x38 ./drivers/fsl_dspi.o
 .text.DSPI_GetStatusFlags
                0x000077d4       0x18 ./drivers/fsl_dspi.o
 .text.DSPI_ClearStatusFlags
                0x000077ec       0x1c ./drivers/fsl_dspi.o
 .text.DSPI_DisableInterrupts
                0x00007808       0x24 ./drivers/fsl_dspi.o
 .text.DSPI_SetMasterSlaveMode
                0x0000782c       0x28 ./drivers/fsl_dspi.o
 .text.DSPI_IsMaster
                0x00007854       0x1c ./drivers/fsl_dspi.o
 .text.DSPI_StartTransfer
                0x00007870       0x20 ./drivers/fsl_dspi.o
 .text.DSPI_StopTransfer
                0x00007890       0x20 ./drivers/fsl_dspi.o
 .text.DSPI_FlushFifo
                0x000078b0       0x3c ./drivers/fsl_dspi.o
 .text.DSPI_MasterGetFormattedCommand
                0x000078ec       0x4c ./drivers/fsl_dspi.o
 .text.DSPI_ReadData
                0x00007938       0x18 ./drivers/fsl_dspi.o
 .text.DSPI_GetInstance
                0x00007950       0x58 ./drivers/fsl_dspi.o
                0x00007950                DSPI_GetInstance
 .text.DSPI_MasterInit
                0x000079a8      0x16c ./drivers/fsl_dspi.o
                0x000079a8                DSPI_MasterInit
 .text.DSPI_SetOnePcsPolarity
                0x00007b14       0x4c ./drivers/fsl_dspi.o
 .text.DSPI_MasterSetBaudRate
                0x00007b60      0x120 ./drivers/fsl_dspi.o
                0x00007b60                DSPI_MasterSetBaudRate
 .text.DSPI_MasterSetDelayScaler
                0x00007c80       0xd0 ./drivers/fsl_dspi.o
                0x00007c80                DSPI_MasterSetDelayScaler
 .text.DSPI_MasterSetDelayTimes
                0x00007d50      0x12c ./drivers/fsl_dspi.o
                0x00007d50                DSPI_MasterSetDelayTimes
 .text.DSPI_EnableInterrupts
                0x00007e7c       0x4c ./drivers/fsl_dspi.o
                0x00007e7c                DSPI_EnableInterrupts
 .text.DSPI_MasterTransferCreateHandle
                0x00007ec8       0x60 ./drivers/fsl_dspi.o
                0x00007ec8                DSPI_MasterTransferCreateHandle
 .text.DSPI_MasterTransferPrepare
                0x00007f28      0x13c ./drivers/fsl_dspi.o
 .text.DSPI_MasterTransferNonBlocking
                0x00008064       0xac ./drivers/fsl_dspi.o
                0x00008064                DSPI_MasterTransferNonBlocking
 .text.DSPI_MasterTransferComplete
                0x00008110       0x58 ./drivers/fsl_dspi.o
 .text.DSPI_MasterTransferFillUpTxFifo
                0x00008168      0x190 ./drivers/fsl_dspi.o
 .text.DSPI_MasterTransferHandleIRQ
                0x000082f8      0x150 ./drivers/fsl_dspi.o
                0x000082f8                DSPI_MasterTransferHandleIRQ
 .text.DSPI_CommonIRQHandler
                0x00008448       0x3c ./drivers/fsl_dspi.o
 .text.SPI0_DriverIRQHandler
                0x00008484       0x3c ./drivers/fsl_dspi.o
                0x00008484                SPI0_DriverIRQHandler
 .text.SPI1_DriverIRQHandler
                0x000084c0       0x3c ./drivers/fsl_dspi.o
                0x000084c0                SPI1_DriverIRQHandler
 .text.SPI2_DriverIRQHandler
                0x000084fc       0x3c ./drivers/fsl_dspi.o
                0x000084fc                SPI2_DriverIRQHandler
 .text.DSPI_RTOS_Callback
                0x00008538       0x44 ./drivers/fsl_dspi_freertos.o
 .text.DSPI_RTOS_Init
                0x0000857c       0xa0 ./drivers/fsl_dspi_freertos.o
                0x0000857c                DSPI_RTOS_Init
 .text.DSPI_RTOS_Transfer
                0x0000861c       0x84 ./drivers/fsl_dspi_freertos.o
                0x0000861c                DSPI_RTOS_Transfer
 .text.SPI_RTOS_Write
                0x000086a0       0x48 ./drivers/fsl_dspi_freertos.o
                0x000086a0                SPI_RTOS_Write
 .text.SPI_RTOS_Read
                0x000086e8       0x38 ./drivers/fsl_dspi_freertos.o
                0x000086e8                SPI_RTOS_Read
 .text.CLOCK_EnableClock
                0x00008720       0x34 ./drivers/fsl_edma.o
 .text.EDMA_GetInstance
                0x00008754       0x50 ./drivers/fsl_edma.o
 .text.EDMA_Init
                0x000087a4       0x8c ./drivers/fsl_edma.o
                0x000087a4                EDMA_Init
 .text.EDMA_GetDefaultConfig
                0x00008830       0x44 ./drivers/fsl_edma.o
                0x00008830                EDMA_GetDefaultConfig
 .text.EDMA_HandleIRQ
                0x00008874      0x15c ./drivers/fsl_edma.o
                0x00008874                EDMA_HandleIRQ
 .text.DMA1_DriverIRQHandler
                0x000089d0       0x14 ./drivers/fsl_edma.o
                0x000089d0                DMA1_DriverIRQHandler
 .text.DMA2_DriverIRQHandler
                0x000089e4       0x14 ./drivers/fsl_edma.o
                0x000089e4                DMA2_DriverIRQHandler
 .text.DMA3_DriverIRQHandler
                0x000089f8       0x14 ./drivers/fsl_edma.o
                0x000089f8                DMA3_DriverIRQHandler
 .text.DMA4_DriverIRQHandler
                0x00008a0c       0x14 ./drivers/fsl_edma.o
                0x00008a0c                DMA4_DriverIRQHandler
 .text.DMA5_DriverIRQHandler
                0x00008a20       0x14 ./drivers/fsl_edma.o
                0x00008a20                DMA5_DriverIRQHandler
 .text.DMA6_DriverIRQHandler
                0x00008a34       0x14 ./drivers/fsl_edma.o
                0x00008a34                DMA6_DriverIRQHandler
 .text.DMA7_DriverIRQHandler
                0x00008a48       0x14 ./drivers/fsl_edma.o
                0x00008a48                DMA7_DriverIRQHandler
 .text.DMA8_DriverIRQHandler
                0x00008a5c       0x14 ./drivers/fsl_edma.o
                0x00008a5c                DMA8_DriverIRQHandler
 .text.DMA9_DriverIRQHandler
                0x00008a70       0x14 ./drivers/fsl_edma.o
                0x00008a70                DMA9_DriverIRQHandler
 .text.DMA10_DriverIRQHandler
                0x00008a84       0x14 ./drivers/fsl_edma.o
                0x00008a84                DMA10_DriverIRQHandler
 .text.DMA11_DriverIRQHandler
                0x00008a98       0x14 ./drivers/fsl_edma.o
                0x00008a98                DMA11_DriverIRQHandler
 .text.DMA12_DriverIRQHandler
                0x00008aac       0x14 ./drivers/fsl_edma.o
                0x00008aac                DMA12_DriverIRQHandler
 .text.DMA13_DriverIRQHandler
                0x00008ac0       0x14 ./drivers/fsl_edma.o
                0x00008ac0                DMA13_DriverIRQHandler
 .text.DMA14_DriverIRQHandler
                0x00008ad4       0x14 ./drivers/fsl_edma.o
                0x00008ad4                DMA14_DriverIRQHandler
 .text.DMA15_DriverIRQHandler
                0x00008ae8       0x14 ./drivers/fsl_edma.o
                0x00008ae8                DMA15_DriverIRQHandler
 .text.FLASH_Init
                0x00008afc       0xc0 ./drivers/fsl_flash.o
                0x00008afc                FLASH_Init
 .text.FLASH_PrepareExecuteInRamFunctions
                0x00008bbc       0x3c ./drivers/fsl_flash.o
                0x00008bbc                FLASH_PrepareExecuteInRamFunctions
 .text.FLASH_Erase
                0x00008bf8       0xd8 ./drivers/fsl_flash.o
                0x00008bf8                FLASH_Erase
 .text.FLASH_Program
                0x00008cd0       0xd4 ./drivers/fsl_flash.o
                0x00008cd0                FLASH_Program
 .text.FLASH_GetSecurityState
                0x00008da4       0x5c ./drivers/fsl_flash.o
                0x00008da4                FLASH_GetSecurityState
 .text.FLASH_VerifyErase
                0x00008e00       0xf0 ./drivers/fsl_flash.o
                0x00008e00                FLASH_VerifyErase
 .text.FLASH_VerifyProgram
                0x00008ef0       0xc8 ./drivers/fsl_flash.o
                0x00008ef0                FLASH_VerifyProgram
 .text.FLASH_GetProperty
                0x00008fb8       0xc8 ./drivers/fsl_flash.o
                0x00008fb8                FLASH_GetProperty
 .text.copy_flash_run_command
                0x00009080       0x2c ./drivers/fsl_flash.o
 .text.flash_command_sequence
                0x000090ac       0x6c ./drivers/fsl_flash.o
 .text.copy_flash_cache_clear_command
                0x00009118       0x2c ./drivers/fsl_flash.o
 .text.flash_cache_clear
                0x00009144       0x30 ./drivers/fsl_flash.o
                0x00009144                flash_cache_clear
 .text.flash_check_execute_in_ram_function_info
                0x00009174       0x3c ./drivers/fsl_flash.o
 .text.flash_check_range
                0x000091b0       0x64 ./drivers/fsl_flash.o
 .text.flash_get_matched_operation_info
                0x00009214       0x6c ./drivers/fsl_flash.o
 .text.flash_check_user_key
                0x00009280       0x28 ./drivers/fsl_flash.o
 .text.GPIO_WritePinOutput
                0x000092a8       0x3c ./drivers/fsl_gpio.o
 .text.GPIO_GetInstance
                0x000092e4       0x58 ./drivers/fsl_gpio.o
 .text.GPIO_PinInit
                0x0000933c       0x70 ./drivers/fsl_gpio.o
                0x0000933c                GPIO_PinInit
 .text.GPIO_GetPinsInterruptFlags
                0x000093ac       0x30 ./drivers/fsl_gpio.o
                0x000093ac                GPIO_GetPinsInterruptFlags
 .text.GPIO_ClearPinsInterruptFlags
                0x000093dc       0x30 ./drivers/fsl_gpio.o
                0x000093dc                GPIO_ClearPinsInterruptFlags
 .text.I2C_TransferCommonIRQHandler
                0x0000940c       0x4c ./drivers/fsl_i2c.o
 .text.I2C0_DriverIRQHandler
                0x00009458       0x1c ./drivers/fsl_i2c.o
                0x00009458                I2C0_DriverIRQHandler
 .text.I2C1_DriverIRQHandler
                0x00009474       0x1c ./drivers/fsl_i2c.o
                0x00009474                I2C1_DriverIRQHandler
 .text.I2C2_DriverIRQHandler
                0x00009490       0x1c ./drivers/fsl_i2c.o
                0x00009490                I2C2_DriverIRQHandler
 .text.error_trap
                0x000094ac       0x10 ./drivers/fsl_pflash_freertos.o
                0x000094ac                error_trap
 .text.FLASH_RTOS_Init
                0x000094bc       0xe4 ./drivers/fsl_pflash_freertos.o
                0x000094bc                FLASH_RTOS_Init
 .text.FLASH_RTOS_Erase_Sector
                0x000095a0       0xc4 ./drivers/fsl_pflash_freertos.o
                0x000095a0                FLASH_RTOS_Erase_Sector
 .text.FLASH_RTOS_Program
                0x00009664       0x90 ./drivers/fsl_pflash_freertos.o
                0x00009664                FLASH_RTOS_Program
 .text.CLOCK_EnableClock
                0x000096f4       0x34 ./drivers/fsl_pit.o
 .text.PIT_GetInstance
                0x00009728       0x50 ./drivers/fsl_pit.o
 .text.PIT_Init
                0x00009778       0x70 ./drivers/fsl_pit.o
                0x00009778                PIT_Init
 .text.CLOCK_EnableClock
                0x000097e8       0x34 ./drivers/fsl_rtc.o
 .text.RTC_GetStatusFlags
                0x0000981c       0x1c ./drivers/fsl_rtc.o
 .text.RTC_Reset
                0x00009838       0x30 ./drivers/fsl_rtc.o
 .text.RTC_Init
                0x00009868       0xb8 ./drivers/fsl_rtc.o
                0x00009868                RTC_Init
 .text.RTC_GetDefaultConfig
                0x00009920       0x4c ./drivers/fsl_rtc.o
                0x00009920                RTC_GetDefaultConfig
 .text.I2S0_Tx_DriverIRQHandler
                0x0000996c       0x44 ./drivers/fsl_sai.o
                0x0000996c                I2S0_Tx_DriverIRQHandler
 .text.I2S0_Rx_DriverIRQHandler
                0x000099b0       0x44 ./drivers/fsl_sai.o
                0x000099b0                I2S0_Rx_DriverIRQHandler
 .text.NVIC_EnableIRQ
                0x000099f4       0x30 ./drivers/fsl_uart.o
 .text.CLOCK_EnableClock
                0x00009a24       0x34 ./drivers/fsl_uart.o
 .text.EnableIRQ
                0x00009a58       0x1c ./drivers/fsl_uart.o
 .text.DisableGlobalIRQ
                0x00009a74       0x20 ./drivers/fsl_uart.o
 .text.EnableGlobalIRQ
                0x00009a94       0x1c ./drivers/fsl_uart.o
 .text.UART_GetInstance
                0x00009ab0       0x60 ./drivers/fsl_uart.o
                0x00009ab0                UART_GetInstance
 .text.UART_TransferGetRxRingBufferLength
                0x00009b10       0x6c ./drivers/fsl_uart.o
                0x00009b10                UART_TransferGetRxRingBufferLength
 .text.UART_TransferIsRxRingBufferFull
                0x00009b7c       0x4c ./drivers/fsl_uart.o
 .text.UART_Init
                0x00009bc8      0x2bc ./drivers/fsl_uart.o
                0x00009bc8                UART_Init
 .text.UART_GetDefaultConfig
                0x00009e84       0x5c ./drivers/fsl_uart.o
                0x00009e84                UART_GetDefaultConfig
 .text.UART_EnableInterrupts
                0x00009ee0       0x70 ./drivers/fsl_uart.o
                0x00009ee0                UART_EnableInterrupts
 .text.UART_DisableInterrupts
                0x00009f50       0x80 ./drivers/fsl_uart.o
                0x00009f50                UART_DisableInterrupts
 .text.UART_GetStatusFlags
                0x00009fd0       0x48 ./drivers/fsl_uart.o
                0x00009fd0                UART_GetStatusFlags
 .text.UART_ClearStatusFlags
                0x0000a018       0x8c ./drivers/fsl_uart.o
                0x0000a018                UART_ClearStatusFlags
 .text.UART_WriteBlocking
                0x0000a0a4       0x40 ./drivers/fsl_uart.o
                0x0000a0a4                UART_WriteBlocking
 .text.UART_WriteNonBlocking
                0x0000a0e4       0x54 ./drivers/fsl_uart.o
 .text.UART_ReadBlocking
                0x0000a138       0xa4 ./drivers/fsl_uart.o
                0x0000a138                UART_ReadBlocking
 .text.UART_ReadNonBlocking
                0x0000a1dc       0x54 ./drivers/fsl_uart.o
 .text.UART_TransferCreateHandle
                0x0000a230       0x98 ./drivers/fsl_uart.o
                0x0000a230                UART_TransferCreateHandle
 .text.UART_TransferStartRingBuffer
                0x0000a2c8       0x70 ./drivers/fsl_uart.o
                0x0000a2c8                UART_TransferStartRingBuffer
 .text.UART_TransferSendNonBlocking
                0x0000a338       0xc4 ./drivers/fsl_uart.o
                0x0000a338                UART_TransferSendNonBlocking
 .text.UART_TransferReceiveNonBlocking
                0x0000a3fc      0x1b8 ./drivers/fsl_uart.o
                0x0000a3fc                UART_TransferReceiveNonBlocking
 .text.UART_TransferAbortReceive
                0x0000a5b4       0x50 ./drivers/fsl_uart.o
                0x0000a5b4                UART_TransferAbortReceive
 .text.UART_TransferHandleIRQ
                0x0000a604      0x2f0 ./drivers/fsl_uart.o
                0x0000a604                UART_TransferHandleIRQ
 .text.UART0_DriverIRQHandler
                0x0000a8f4       0x20 ./drivers/fsl_uart.o
                0x0000a8f4                UART0_DriverIRQHandler
 .text.UART0_RX_TX_DriverIRQHandler
                0x0000a914        0xc ./drivers/fsl_uart.o
                0x0000a914                UART0_RX_TX_DriverIRQHandler
 .text.UART1_DriverIRQHandler
                0x0000a920       0x20 ./drivers/fsl_uart.o
                0x0000a920                UART1_DriverIRQHandler
 .text.UART1_RX_TX_DriverIRQHandler
                0x0000a940        0xc ./drivers/fsl_uart.o
                0x0000a940                UART1_RX_TX_DriverIRQHandler
 .text.UART2_DriverIRQHandler
                0x0000a94c       0x20 ./drivers/fsl_uart.o
                0x0000a94c                UART2_DriverIRQHandler
 .text.UART2_RX_TX_DriverIRQHandler
                0x0000a96c        0xc ./drivers/fsl_uart.o
                0x0000a96c                UART2_RX_TX_DriverIRQHandler
 .text.UART3_DriverIRQHandler
                0x0000a978       0x20 ./drivers/fsl_uart.o
                0x0000a978                UART3_DriverIRQHandler
 .text.UART3_RX_TX_DriverIRQHandler
                0x0000a998        0xc ./drivers/fsl_uart.o
                0x0000a998                UART3_RX_TX_DriverIRQHandler
 .text.UART4_DriverIRQHandler
                0x0000a9a4       0x20 ./drivers/fsl_uart.o
                0x0000a9a4                UART4_DriverIRQHandler
 .text.UART4_RX_TX_DriverIRQHandler
                0x0000a9c4        0xc ./drivers/fsl_uart.o
                0x0000a9c4                UART4_RX_TX_DriverIRQHandler
 .text.UART5_DriverIRQHandler
                0x0000a9d0       0x20 ./drivers/fsl_uart.o
                0x0000a9d0                UART5_DriverIRQHandler
 .text.UART5_RX_TX_DriverIRQHandler
                0x0000a9f0        0xc ./drivers/fsl_uart.o
                0x0000a9f0                UART5_RX_TX_DriverIRQHandler
 .text.UART_EnableTx
                0x0000a9fc       0x40 ./drivers/fsl_uart_freertos.o
 .text.UART_EnableRx
                0x0000aa3c       0x40 ./drivers/fsl_uart_freertos.o
 .text.UART_RTOS_Callback
                0x0000aa7c       0xc4 ./drivers/fsl_uart_freertos.o
 .text.UART_RTOS_Init
                0x0000ab40      0x174 ./drivers/fsl_uart_freertos.o
                0x0000ab40                UART_RTOS_Init
 .text.UART_RTOS_Send
                0x0000acb4       0xb8 ./drivers/fsl_uart_freertos.o
                0x0000acb4                UART_RTOS_Send
 .text.UART_RTOS_Receive
                0x0000ad6c      0x144 ./drivers/fsl_uart_freertos.o
                0x0000ad6c                UART_RTOS_Receive
 .text.UART_RTOS_Receive_NoBlocking_Safe
                0x0000aeb0       0x98 ./drivers/fsl_uart_freertos.o
                0x0000aeb0                UART_RTOS_Receive_NoBlocking_Safe
 .text.base64_decode
                0x0000af48       0xd0 ./crypto/aes256.o
                0x0000af48                base64_decode
 .text.Crc32_Calc
                0x0000b018       0x60 ./crypto/crc.o
                0x0000b018                Crc32_Calc
 .text.sha1_starts
                0x0000b078       0x50 ./crypto/sha1.o
                0x0000b078                sha1_starts
 .text.sha1_process
                0x0000b0c8     0x167c ./crypto/sha1.o
 .text.sha1_update
                0x0000c744       0xd0 ./crypto/sha1.o
                0x0000c744                sha1_update
 .text.sha1_finish
                0x0000c814      0x1ac ./crypto/sha1.o
                0x0000c814                sha1_finish
 .text.sha1_csum
                0x0000c9c0       0x38 ./crypto/sha1.o
                0x0000c9c0                sha1_csum
 .text.uartEncode
                0x0000c9f8       0x88 ./crypto/uartEncodeDecode.o
                0x0000c9f8                uartEncode
 .text.NVIC_DisableIRQ
                0x0000ca80       0x34 ./board/board.o
 .text.DisableIRQ
                0x0000cab4       0x1c ./board/board.o
 .text.LPTMR_ClearStatusFlags
                0x0000cad0       0x20 ./board/board.o
 .text.GPIO_SetPinsOutput
                0x0000caf0       0x1c ./board/board.o
 .text.GPIO_ClearPinsOutput
                0x0000cb0c       0x1c ./board/board.o
 .text.GPIO_ReadPinInput
                0x0000cb28       0x24 ./board/board.o
 .text.BOARD_InitDebugConsole
                0x0000cb4c       0x24 ./board/board.o
                0x0000cb4c                BOARD_InitDebugConsole
 .text.ms_delay
                0x0000cb70       0x34 ./board/board.o
                0x0000cb70                ms_delay
 .text.BQ25050_MaxOutputSet
                0x0000cba4       0x64 ./board/board.o
                0x0000cba4                BQ25050_MaxOutputSet
 .text.PORTE_IRQHandler
                0x0000cc08       0x80 ./board/board.o
                0x0000cc08                PORTE_IRQHandler
 .text.PORTB_IRQHandler
                0x0000cc88       0xdc ./board/board.o
                0x0000cc88                PORTB_IRQHandler
 .text.PORTA_IRQHandler
                0x0000cd64       0x58 ./board/board.o
                0x0000cd64                PORTA_IRQHandler
 .text.LPTMR0_IRQHandler
                0x0000cdbc       0x14 ./board/board.o
                0x0000cdbc                LPTMR0_IRQHandler
 .text.CLOCK_SetSimSafeDivs
                0x0000cdd0       0x20 ./board/clock_config.o
 .text.CLOCK_SetXtal0Freq
                0x0000cdf0       0x1c ./board/clock_config.o
 .text.BOARD_BootClockRUN
                0x0000ce0c       0x58 ./board/clock_config.o
                0x0000ce0c                BOARD_BootClockRUN
 .text.CLOCK_EnableClock
                0x0000ce64       0x34 ./board/pin_mux.o
 .text.BOARD_InitPins
                0x0000ce98       0x38 ./board/pin_mux.o
                0x0000ce98                BOARD_InitPins
 .text.kxx_htonl
                0x0000ced0       0x34 ./7139/A7139.o
 .text.A7139_WriteReg
                0x0000cf04       0x4c ./7139/A7139.o
 .text.A7139_ReadReg
                0x0000cf50       0x4c ./7139/A7139.o
 .text.A7139_WritePageA
                0x0000cf9c       0x44 ./7139/A7139.o
 .text.A7139_WritePageB
                0x0000cfe0       0x44 ./7139/A7139.o
 .text.A7139_Config
                0x0000d024       0xf4 ./7139/A7139.o
 .text.A7139_Cal
                0x0000d118      0x100 ./7139/A7139.o
 .text.A7139_StrobeCmd
                0x0000d218       0x24 ./7139/A7139.o
                0x0000d218                A7139_StrobeCmd
 .text.A7139_Init
                0x0000d23c       0x34 ./7139/A7139.o
                0x0000d23c                A7139_Init
 .text.A7139_SetCID
                0x0000d270       0x48 ./7139/A7139.o
                0x0000d270                A7139_SetCID
 .text.A7139_GetCID
                0x0000d2b8       0x3c ./7139/A7139.o
                0x0000d2b8                A7139_GetCID
 .text.A7139_SetPackLen
                0x0000d2f4       0x80 ./7139/A7139.o
                0x0000d2f4                A7139_SetPackLen
 .text.A7139_SetGIO2_Func
                0x0000d374       0x34 ./7139/A7139.o
                0x0000d374                A7139_SetGIO2_Func
 .text.A7139_Direct
                0x0000d3a8       0x34 ./7139/A7139.o
                0x0000d3a8                A7139_Direct
 .text.SPI_A7139_TX_TEST
                0x0000d3dc       0x48 ./7139/A7139.o
                0x0000d3dc                SPI_A7139_TX_TEST
 .text.NVIC_EnableIRQ
                0x0000d424       0x30 ./7139/SPI_A7139.o
 .text.NVIC_SetPriority
                0x0000d454       0x54 ./7139/SPI_A7139.o
 .text.EnableIRQ
                0x0000d4a8       0x1c ./7139/SPI_A7139.o
 .text.PORT_SetPinInterruptConfig
                0x0000d4c4       0x38 ./7139/SPI_A7139.o
 .text.PORTC_IRQHandler
                0x0000d4fc       0x78 ./7139/SPI_A7139.o
                0x0000d4fc                PORTC_IRQHandler
 .text.EInt_GIO2_Init
                0x0000d574       0x40 ./7139/SPI_A7139.o
                0x0000d574                EInt_GIO2_Init
 .text.SPI_A7139_INIT
                0x0000d5b4       0xb0 ./7139/SPI_A7139.o
                0x0000d5b4                SPI_A7139_INIT
 .text.atoi     0x0000d664        0x8 c:/freescale/kds_3.0.0/toolchain/bin/../lib/gcc/arm-none-eabi/4.8.4/../../../../arm-none-eabi/lib/armv7e-m/fpu\libg_s.a(lib_a-atoi.o)
                0x0000d664                atoi
 .text.__errno  0x0000d66c        0xc c:/freescale/kds_3.0.0/toolchain/bin/../lib/gcc/arm-none-eabi/4.8.4/../../../../arm-none-eabi/lib/armv7e-m/fpu\libg_s.a(lib_a-errno.o)
                0x0000d66c                __errno
 .text.exit     0x0000d678       0x28 c:/freescale/kds_3.0.0/toolchain/bin/../lib/gcc/arm-none-eabi/4.8.4/../../../../arm-none-eabi/lib/armv7e-m/fpu\libg_s.a(lib_a-exit.o)
                0x0000d678                exit
 .text.__libc_init_array
                0x0000d6a0       0x4c c:/freescale/kds_3.0.0/toolchain/bin/../lib/gcc/arm-none-eabi/4.8.4/../../../../arm-none-eabi/lib/armv7e-m/fpu\libg_s.a(lib_a-init.o)
                0x0000d6a0                __libc_init_array
 .text.memcmp   0x0000d6ec       0x1e c:/freescale/kds_3.0.0/toolchain/bin/../lib/gcc/arm-none-eabi/4.8.4/../../../../arm-none-eabi/lib/armv7e-m/fpu\libg_s.a(lib_a-memcmp.o)
                0x0000d6ec                memcmp
 .text.memcpy   0x0000d70a       0x12 c:/freescale/kds_3.0.0/toolchain/bin/../lib/gcc/arm-none-eabi/4.8.4/../../../../arm-none-eabi/lib/armv7e-m/fpu\libg_s.a(lib_a-memcpy-stub.o)
                0x0000d70a                memcpy
 .text.memset   0x0000d71c       0x10 c:/freescale/kds_3.0.0/toolchain/bin/../lib/gcc/arm-none-eabi/4.8.4/../../../../arm-none-eabi/lib/armv7e-m/fpu\libg_s.a(lib_a-memset.o)
                0x0000d71c                memset
 .text.printf   0x0000d72c       0x30 c:/freescale/kds_3.0.0/toolchain/bin/../lib/gcc/arm-none-eabi/4.8.4/../../../../arm-none-eabi/lib/armv7e-m/fpu\libg_s.a(lib_a-printf.o)
                0x0000d72c                iprintf
                0x0000d72c                printf
 .text.sscanf   0x0000d75c       0x54 c:/freescale/kds_3.0.0/toolchain/bin/../lib/gcc/arm-none-eabi/4.8.4/../../../../arm-none-eabi/lib/armv7e-m/fpu\libg_s.a(lib_a-sscanf.o)
                0x0000d75c                siscanf
                0x0000d75c                sscanf
 .text.__sread  0x0000d7b0       0x22 c:/freescale/kds_3.0.0/toolchain/bin/../lib/gcc/arm-none-eabi/4.8.4/../../../../arm-none-eabi/lib/armv7e-m/fpu\libg_s.a(lib_a-stdio.o)
                0x0000d7b0                __sread
 .text.__seofread
                0x0000d7d2        0x4 c:/freescale/kds_3.0.0/toolchain/bin/../lib/gcc/arm-none-eabi/4.8.4/../../../../arm-none-eabi/lib/armv7e-m/fpu\libg_s.a(lib_a-stdio.o)
                0x0000d7d2                __seofread
 .text.__swrite
                0x0000d7d6       0x38 c:/freescale/kds_3.0.0/toolchain/bin/../lib/gcc/arm-none-eabi/4.8.4/../../../../arm-none-eabi/lib/armv7e-m/fpu\libg_s.a(lib_a-stdio.o)
                0x0000d7d6                __swrite
 .text.__sseek  0x0000d80e       0x24 c:/freescale/kds_3.0.0/toolchain/bin/../lib/gcc/arm-none-eabi/4.8.4/../../../../arm-none-eabi/lib/armv7e-m/fpu\libg_s.a(lib_a-stdio.o)
                0x0000d80e                __sseek
 .text.__sclose
                0x0000d832        0x8 c:/freescale/kds_3.0.0/toolchain/bin/../lib/gcc/arm-none-eabi/4.8.4/../../../../arm-none-eabi/lib/armv7e-m/fpu\libg_s.a(lib_a-stdio.o)
                0x0000d832                __sclose
 .text.strlen   0x0000d83a       0x10 c:/freescale/kds_3.0.0/toolchain/bin/../lib/gcc/arm-none-eabi/4.8.4/../../../../arm-none-eabi/lib/armv7e-m/fpu\libg_s.a(lib_a-strlen.o)
                0x0000d83a                strlen
 .text.strncmp  0x0000d84a       0x2e c:/freescale/kds_3.0.0/toolchain/bin/../lib/gcc/arm-none-eabi/4.8.4/../../../../arm-none-eabi/lib/armv7e-m/fpu\libg_s.a(lib_a-strncmp.o)
                0x0000d84a                strncmp
 .text.strtok   0x0000d878       0x64 c:/freescale/kds_3.0.0/toolchain/bin/../lib/gcc/arm-none-eabi/4.8.4/../../../../arm-none-eabi/lib/armv7e-m/fpu\libg_s.a(lib_a-strtok.o)
                0x0000d878                strtok
 .text.__strtok_r
                0x0000d8dc       0x56 c:/freescale/kds_3.0.0/toolchain/bin/../lib/gcc/arm-none-eabi/4.8.4/../../../../arm-none-eabi/lib/armv7e-m/fpu\libg_s.a(lib_a-strtok_r.o)
                0x0000d8dc                __strtok_r
 *fill*         0x0000d932        0x2 
 .text._strtol_r
                0x0000d934      0x104 c:/freescale/kds_3.0.0/toolchain/bin/../lib/gcc/arm-none-eabi/4.8.4/../../../../arm-none-eabi/lib/armv7e-m/fpu\libg_s.a(lib_a-strtol.o)
                0x0000d934                _strtol_r
 .text.strtol   0x0000da38       0x1c c:/freescale/kds_3.0.0/toolchain/bin/../lib/gcc/arm-none-eabi/4.8.4/../../../../arm-none-eabi/lib/armv7e-m/fpu\libg_s.a(lib_a-strtol.o)
                0x0000da38                strtol
 .text._strtoul_r
                0x0000da54       0xf0 c:/freescale/kds_3.0.0/toolchain/bin/../lib/gcc/arm-none-eabi/4.8.4/../../../../arm-none-eabi/lib/armv7e-m/fpu\libg_s.a(lib_a-strtoul.o)
                0x0000da54                _strtoul_r
 .text._sungetc_r
                0x0000db44       0x7a c:/freescale/kds_3.0.0/toolchain/bin/../lib/gcc/arm-none-eabi/4.8.4/../../../../arm-none-eabi/lib/armv7e-m/fpu\libg_s.a(lib_a-svfscanf.o)
                0x0000db44                _sungetc_r
 .text.__ssrefill_r
                0x0000dbbe       0x3a c:/freescale/kds_3.0.0/toolchain/bin/../lib/gcc/arm-none-eabi/4.8.4/../../../../arm-none-eabi/lib/armv7e-m/fpu\libg_s.a(lib_a-svfscanf.o)
                0x0000dbbe                __ssrefill_r
 .text.__ssvfscanf_r
                0x0000dbf8      0x29c c:/freescale/kds_3.0.0/toolchain/bin/../lib/gcc/arm-none-eabi/4.8.4/../../../../arm-none-eabi/lib/armv7e-m/fpu\libg_s.a(lib_a-svfscanf.o)
                0x0000dbf8                __ssvfiscanf_r
                0x0000dbf8                __ssvfscanf_r
 .text.__submore
                0x0000de94       0x76 c:/freescale/kds_3.0.0/toolchain/bin/../lib/gcc/arm-none-eabi/4.8.4/../../../../arm-none-eabi/lib/armv7e-m/fpu\libg_s.a(lib_a-ungetc.o)
                0x0000de94                __submore
 .text.__sfputc_r
                0x0000df0a       0x2c c:/freescale/kds_3.0.0/toolchain/bin/../lib/gcc/arm-none-eabi/4.8.4/../../../../arm-none-eabi/lib/armv7e-m/fpu\libg_s.a(lib_a-vfprintf.o)
 .text.__sfputs_r
                0x0000df36       0x24 c:/freescale/kds_3.0.0/toolchain/bin/../lib/gcc/arm-none-eabi/4.8.4/../../../../arm-none-eabi/lib/armv7e-m/fpu\libg_s.a(lib_a-vfprintf.o)
                0x0000df36                __sfputs_r
 *fill*         0x0000df5a        0x2 
 .text._vfprintf_r
                0x0000df5c      0x208 c:/freescale/kds_3.0.0/toolchain/bin/../lib/gcc/arm-none-eabi/4.8.4/../../../../arm-none-eabi/lib/armv7e-m/fpu\libg_s.a(lib_a-vfprintf.o)
                0x0000df5c                _vfprintf_r
                0x0000df5c                _vfiprintf_r
 .text._printf_common
                0x0000e164       0xe4 c:/freescale/kds_3.0.0/toolchain/bin/../lib/gcc/arm-none-eabi/4.8.4/../../../../arm-none-eabi/lib/armv7e-m/fpu\libg_s.a(lib_a-vfprintf_i.o)
                0x0000e164                _printf_common
 .text._printf_i
                0x0000e248      0x228 c:/freescale/kds_3.0.0/toolchain/bin/../lib/gcc/arm-none-eabi/4.8.4/../../../../arm-none-eabi/lib/armv7e-m/fpu\libg_s.a(lib_a-vfprintf_i.o)
                0x0000e248                _printf_i
 .text._scanf_chars
                0x0000e470       0xc0 c:/freescale/kds_3.0.0/toolchain/bin/../lib/gcc/arm-none-eabi/4.8.4/../../../../arm-none-eabi/lib/armv7e-m/fpu\libg_s.a(lib_a-vfscanf_i.o)
                0x0000e470                _scanf_chars
 .text._scanf_i
                0x0000e530      0x1ec c:/freescale/kds_3.0.0/toolchain/bin/../lib/gcc/arm-none-eabi/4.8.4/../../../../arm-none-eabi/lib/armv7e-m/fpu\libg_s.a(lib_a-vfscanf_i.o)
                0x0000e530                _scanf_i
 .text.__swbuf_r
                0x0000e71c       0xa8 c:/freescale/kds_3.0.0/toolchain/bin/../lib/gcc/arm-none-eabi/4.8.4/../../../../arm-none-eabi/lib/armv7e-m/fpu\libg_s.a(lib_a-wbuf.o)
                0x0000e71c                __swbuf_r
 .text._write_r
                0x0000e7c4       0x24 c:/freescale/kds_3.0.0/toolchain/bin/../lib/gcc/arm-none-eabi/4.8.4/../../../../arm-none-eabi/lib/armv7e-m/fpu\libg_s.a(lib_a-writer.o)
                0x0000e7c4                _write_r
 .text.__swsetup_r
                0x0000e7e8       0xdc c:/freescale/kds_3.0.0/toolchain/bin/../lib/gcc/arm-none-eabi/4.8.4/../../../../arm-none-eabi/lib/armv7e-m/fpu\libg_s.a(lib_a-wsetup.o)
                0x0000e7e8                __swsetup_r
 .text._close_r
                0x0000e8c4       0x20 c:/freescale/kds_3.0.0/toolchain/bin/../lib/gcc/arm-none-eabi/4.8.4/../../../../arm-none-eabi/lib/armv7e-m/fpu\libg_s.a(lib_a-closer.o)
                0x0000e8c4                _close_r
 .text.__sflush_r
                0x0000e8e4      0x106 c:/freescale/kds_3.0.0/toolchain/bin/../lib/gcc/arm-none-eabi/4.8.4/../../../../arm-none-eabi/lib/armv7e-m/fpu\libg_s.a(lib_a-fflush.o)
                0x0000e8e4                __sflush_r
 *fill*         0x0000e9ea        0x2 
 .text._fflush_r
                0x0000e9ec       0x54 c:/freescale/kds_3.0.0/toolchain/bin/../lib/gcc/arm-none-eabi/4.8.4/../../../../arm-none-eabi/lib/armv7e-m/fpu\libg_s.a(lib_a-fflush.o)
                0x0000e9ec                _fflush_r
 .text._cleanup_r
                0x0000ea40       0x32 c:/freescale/kds_3.0.0/toolchain/bin/../lib/gcc/arm-none-eabi/4.8.4/../../../../arm-none-eabi/lib/armv7e-m/fpu\libg_s.a(lib_a-findfp.o)
                0x0000ea40                _cleanup_r
 *fill*         0x0000ea72        0x2 
 .text.std.isra.0
                0x0000ea74       0x48 c:/freescale/kds_3.0.0/toolchain/bin/../lib/gcc/arm-none-eabi/4.8.4/../../../../arm-none-eabi/lib/armv7e-m/fpu\libg_s.a(lib_a-findfp.o)
 .text.__sfmoreglue
                0x0000eabc       0x2c c:/freescale/kds_3.0.0/toolchain/bin/../lib/gcc/arm-none-eabi/4.8.4/../../../../arm-none-eabi/lib/armv7e-m/fpu\libg_s.a(lib_a-findfp.o)
                0x0000eabc                __sfmoreglue
 .text.__sinit  0x0000eae8       0x60 c:/freescale/kds_3.0.0/toolchain/bin/../lib/gcc/arm-none-eabi/4.8.4/../../../../arm-none-eabi/lib/armv7e-m/fpu\libg_s.a(lib_a-findfp.o)
                0x0000eae8                __sinit
 .text.__sfp    0x0000eb48       0x74 c:/freescale/kds_3.0.0/toolchain/bin/../lib/gcc/arm-none-eabi/4.8.4/../../../../arm-none-eabi/lib/armv7e-m/fpu\libg_s.a(lib_a-findfp.o)
                0x0000eb48                __sfp
 .text._lseek_r
                0x0000ebbc       0x24 c:/freescale/kds_3.0.0/toolchain/bin/../lib/gcc/arm-none-eabi/4.8.4/../../../../arm-none-eabi/lib/armv7e-m/fpu\libg_s.a(lib_a-lseekr.o)
                0x0000ebbc                _lseek_r
 .text.__smakebuf_r
                0x0000ebe0       0x9c c:/freescale/kds_3.0.0/toolchain/bin/../lib/gcc/arm-none-eabi/4.8.4/../../../../arm-none-eabi/lib/armv7e-m/fpu\libg_s.a(lib_a-makebuf.o)
                0x0000ebe0                __smakebuf_r
 .text.malloc   0x0000ec7c       0x10 c:/freescale/kds_3.0.0/toolchain/bin/../lib/gcc/arm-none-eabi/4.8.4/../../../../arm-none-eabi/lib/armv7e-m/fpu\libg_s.a(lib_a-malloc.o)
                0x0000ec7c                malloc
 .text.memchr   0x0000ec8c       0x1e c:/freescale/kds_3.0.0/toolchain/bin/../lib/gcc/arm-none-eabi/4.8.4/../../../../arm-none-eabi/lib/armv7e-m/fpu\libg_s.a(lib_a-memchr-stub.o)
                0x0000ec8c                memchr
 *fill*         0x0000ecaa        0x2 
 .text._free_r  0x0000ecac       0x88 c:/freescale/kds_3.0.0/toolchain/bin/../lib/gcc/arm-none-eabi/4.8.4/../../../../arm-none-eabi/lib/armv7e-m/fpu\libg_s.a(lib_a-nano-freer.o)
                0x0000ecac                _free_r
 .text._malloc_r
                0x0000ed34       0xa8 c:/freescale/kds_3.0.0/toolchain/bin/../lib/gcc/arm-none-eabi/4.8.4/../../../../arm-none-eabi/lib/armv7e-m/fpu\libg_s.a(lib_a-nano-mallocr.o)
                0x0000ed34                _malloc_r
 .text._realloc_r
                0x0000eddc       0x4c c:/freescale/kds_3.0.0/toolchain/bin/../lib/gcc/arm-none-eabi/4.8.4/../../../../arm-none-eabi/lib/armv7e-m/fpu\libg_s.a(lib_a-nano-reallocr.o)
                0x0000eddc                _realloc_r
 .text._read_r  0x0000ee28       0x24 c:/freescale/kds_3.0.0/toolchain/bin/../lib/gcc/arm-none-eabi/4.8.4/../../../../arm-none-eabi/lib/armv7e-m/fpu\libg_s.a(lib_a-readr.o)
                0x0000ee28                _read_r
 .text._sbrk_r  0x0000ee4c       0x20 c:/freescale/kds_3.0.0/toolchain/bin/../lib/gcc/arm-none-eabi/4.8.4/../../../../arm-none-eabi/lib/armv7e-m/fpu\libg_s.a(lib_a-sbrkr.o)
                0x0000ee4c                _sbrk_r
 .text.__sccl   0x0000ee6c       0x64 c:/freescale/kds_3.0.0/toolchain/bin/../lib/gcc/arm-none-eabi/4.8.4/../../../../arm-none-eabi/lib/armv7e-m/fpu\libg_s.a(lib_a-sccl.o)
                0x0000ee6c                __sccl
 .text._fstat_r
                0x0000eed0       0x24 c:/freescale/kds_3.0.0/toolchain/bin/../lib/gcc/arm-none-eabi/4.8.4/../../../../arm-none-eabi/lib/armv7e-m/fpu\libg_s.a(lib_a-fstatr.o)
                0x0000eed0                _fstat_r
 .text._isatty_r
                0x0000eef4       0x20 c:/freescale/kds_3.0.0/toolchain/bin/../lib/gcc/arm-none-eabi/4.8.4/../../../../arm-none-eabi/lib/armv7e-m/fpu\libg_s.a(lib_a-isattyr.o)
                0x0000eef4                _isatty_r
 .text._malloc_usable_size_r
                0x0000ef14       0x12 c:/freescale/kds_3.0.0/toolchain/bin/../lib/gcc/arm-none-eabi/4.8.4/../../../../arm-none-eabi/lib/armv7e-m/fpu\libg_s.a(lib_a-nano-msizer.o)
                0x0000ef14                _malloc_usable_size_r
 *fill*         0x0000ef26        0x2 
 .text._close   0x0000ef28       0x10 c:/freescale/kds_3.0.0/toolchain/bin/../lib/gcc/arm-none-eabi/4.8.4/../../../../arm-none-eabi/lib/armv7e-m/fpu\libnosys.a(close.o)
                0x0000ef28                _close
 .text._fstat   0x0000ef38       0x10 c:/freescale/kds_3.0.0/toolchain/bin/../lib/gcc/arm-none-eabi/4.8.4/../../../../arm-none-eabi/lib/armv7e-m/fpu\libnosys.a(fstat.o)
                0x0000ef38                _fstat
 .text._isatty  0x0000ef48       0x10 c:/freescale/kds_3.0.0/toolchain/bin/../lib/gcc/arm-none-eabi/4.8.4/../../../../arm-none-eabi/lib/armv7e-m/fpu\libnosys.a(isatty.o)
                0x0000ef48                _isatty
 .text._lseek   0x0000ef58       0x10 c:/freescale/kds_3.0.0/toolchain/bin/../lib/gcc/arm-none-eabi/4.8.4/../../../../arm-none-eabi/lib/armv7e-m/fpu\libnosys.a(lseek.o)
                0x0000ef58                _lseek
 .text._exit    0x0000ef68        0x4 c:/freescale/kds_3.0.0/toolchain/bin/../lib/gcc/arm-none-eabi/4.8.4/../../../../arm-none-eabi/lib/armv7e-m/fpu\libnosys.a(_exit.o)
                0x0000ef68                _exit
 *(.rodata)
 .rodata        0x0000ef6c       0xc8 ./source/AT_analysis.o
 .rodata        0x0000f034      0x1d0 ./source/AT_execute.o
 .rodata        0x0000f204       0x88 ./source/AT_run.o
 .rodata        0x0000f28c      0x120 ./source/audio_play.o
 .rodata        0x0000f3ac      0x284 ./source/main.o
 .rodata        0x0000f630      0x538 ./source/mode_ctl.o
 .rodata        0x0000fb68      0x218 ./source/wdog.o
 .rodata        0x0000fd80      0x79c ./source/wifi_module.o
 .rodata        0x0001051c       0x30 ./rtos/freertos_8.2.3_k24/Source/tasks.o
 .rodata        0x0001054c       0x10 ./rtos/freertos_8.2.3_k24/Source/timers.o
 .rodata        0x0001055c      0x268 ./modem_flash/spiflash_ll.o
 .rodata        0x000107c4       0x64 ./drivers/fsl_clock.o
 .rodata        0x00010828       0x40 ./drivers/fsl_common.o
 .rodata        0x00010868       0x84 ./drivers/fsl_dac.o
 .rodata        0x000108ec       0x5c ./drivers/fsl_dmamux.o
 .rodata        0x00010948       0xbc ./drivers/fsl_dspi.o
 .rodata        0x00010a04      0x264 ./drivers/fsl_edma.o
 .rodata        0x00010c68       0x64 ./drivers/fsl_gpio.o
 .rodata        0x00010ccc      0x12c ./drivers/fsl_pflash_freertos.o
 .rodata        0x00010df8       0x64 ./drivers/fsl_pit.o
 .rodata        0x00010e5c       0x80 ./drivers/fsl_rtc.o
 .rodata        0x00010edc       0x8c ./drivers/fsl_sai.o
 .rodata        0x00010f68      0x148 ./drivers/fsl_uart.o
 .rodata        0x000110b0       0x8c ./drivers/fsl_uart_freertos.o
 .rodata        0x0001113c       0xe0 ./board/board.o
 .rodata        0x0001121c       0x30 ./7139/SPI_A7139.o
 .rodata        0x0001124c        0xc c:/freescale/kds_3.0.0/toolchain/bin/../lib/gcc/arm-none-eabi/4.8.4/../../../../arm-none-eabi/lib/armv7e-m/fpu\libg_s.a(lib_a-vfscanf_i.o)
 *(.rodata*)
 .rodata.__func__.7432
                0x00011258        0xc ./source/audio_play.o
 .rodata.__func__.6702
                0x00011264       0x18 ./source/audio_play.o
 .rodata.__func__.6708
                0x0001127c       0x14 ./source/audio_play.o
 .rodata.__func__.6713
                0x00011290       0x1c ./source/audio_play.o
 .rodata.__func__.6697
                0x000112ac       0x18 ./source/audio_play.o
 .rodata.__func__.6643
                0x000112c4       0x18 ./source/audio_play.o
 .rodata.__func__.9923
                0x000112dc        0x8 ./source/main.o
 .rodata.__func__.6044
                0x000112e4       0x18 ./drivers/fsl_clock.o
 .rodata.__func__.6089
                0x000112fc       0x18 ./drivers/fsl_clock.o
 .rodata.__func__.6097
                0x00011314       0x18 ./drivers/fsl_clock.o
 .rodata.fllFactorTable.6164
                0x0001132c       0x10 ./drivers/fsl_clock.o
 .rodata.__func__.6179
                0x0001133c       0x14 ./drivers/fsl_clock.o
 .rodata.__func__.6227
                0x00011350       0x14 ./drivers/fsl_clock.o
 .rodata.__func__.6426
                0x00011364       0x14 ./drivers/fsl_clock.o
 .rodata.__func__.6109
                0x00011378       0x10 ./drivers/fsl_dac.o
 .rodata.__func__.6114
                0x00011388        0xc ./drivers/fsl_dac.o
 .rodata.__func__.6122
                0x00011394       0x18 ./drivers/fsl_dac.o
 .rodata.__func__.6127
                0x000113ac       0x14 ./drivers/fsl_dac.o
 .rodata.__func__.6132
                0x000113c0       0x1c ./drivers/fsl_dac.o
 .rodata.__func__.6054
                0x000113dc       0x14 ./drivers/fsl_dmamux.o
 .rodata.s_baudratePrescaler
                0x000113f0       0x10 ./drivers/fsl_dspi.o
 .rodata.s_baudrateScaler
                0x00011400       0x40 ./drivers/fsl_dspi.o
 .rodata.s_delayPrescaler
                0x00011440       0x10 ./drivers/fsl_dspi.o
 .rodata.s_delayScaler
                0x00011450       0x40 ./drivers/fsl_dspi.o
 .rodata.s_dspiBases
                0x00011490        0xc ./drivers/fsl_dspi.o
 .rodata.s_dspiIRQ
                0x0001149c        0x4 ./drivers/fsl_dspi.o
 .rodata.s_dspiClock
                0x000114a0        0xc ./drivers/fsl_dspi.o
 .rodata.__func__.6410
                0x000114ac       0x14 ./drivers/fsl_dspi.o
 .rodata.__func__.6417
                0x000114c0       0x10 ./drivers/fsl_dspi.o
 .rodata.__func__.6543
                0x000114d0       0x20 ./drivers/fsl_dspi.o
 .rodata.__func__.6602
                0x000114f0       0x20 ./drivers/fsl_dspi.o
 .rodata.__func__.6696
                0x00011510       0x18 ./drivers/fsl_dspi.o
 .rodata.__func__.6700
                0x00011528       0x18 ./drivers/fsl_dspi.o
 .rodata.__func__.6704
                0x00011540       0x18 ./drivers/fsl_dspi.o
 .rodata.__func__.6313
                0x00011558       0x14 ./drivers/fsl_edma.o
 .rodata.__func__.6324
                0x0001156c        0xc ./drivers/fsl_edma.o
 .rodata.__func__.6332
                0x00011578       0x18 ./drivers/fsl_edma.o
 .rodata.__func__.6523
                0x00011590       0x10 ./drivers/fsl_edma.o
 .rodata.s_flashRunCommandFunctionCode
                0x000115a0        0xc ./drivers/fsl_flash.o
 .rodata.s_flashCacheClearCommandFunctionCode
                0x000115ac       0x14 ./drivers/fsl_flash.o
 .rodata.kPFlashDensities
                0x000115c0       0x20 ./drivers/fsl_flash.o
                0x000115c0                kPFlashDensities
 .rodata.s_portBases
                0x000115e0       0x14 ./drivers/fsl_gpio.o
 .rodata.s_gpioBases
                0x000115f4       0x14 ./drivers/fsl_gpio.o
 .rodata.__func__.6062
                0x00011608       0x14 ./drivers/fsl_gpio.o
 .rodata.__func__.6068
                0x0001161c       0x10 ./drivers/fsl_gpio.o
 .rodata.__func__.6093
                0x0001162c       0x10 ./drivers/fsl_pit.o
 .rodata.__func__.6098
                0x0001163c        0xc ./drivers/fsl_pit.o
 .rodata.__func__.6134
                0x00011648        0xc ./drivers/fsl_rtc.o
 .rodata.__func__.6139
                0x00011654       0x18 ./drivers/fsl_rtc.o
 .rodata.__func__.6571
                0x0001166c       0x1c ./drivers/fsl_sai.o
 .rodata.__func__.6575
                0x00011688       0x1c ./drivers/fsl_sai.o
 .rodata.s_uartBases
                0x000116a4       0x18 ./drivers/fsl_uart.o
 .rodata.s_uartIRQ
                0x000116bc        0x8 ./drivers/fsl_uart.o
 .rodata.s_uartClock
                0x000116c4       0x18 ./drivers/fsl_uart.o
 .rodata.__func__.6256
                0x000116dc       0x14 ./drivers/fsl_uart.o
 .rodata.__func__.6260
                0x000116f0       0x24 ./drivers/fsl_uart.o
 .rodata.__func__.6265
                0x00011714       0x20 ./drivers/fsl_uart.o
 .rodata.__func__.6272
                0x00011734        0xc ./drivers/fsl_uart.o
 .rodata.__func__.6289
                0x00011740       0x18 ./drivers/fsl_uart.o
 .rodata.__func__.6338
                0x00011758       0x18 ./drivers/fsl_uart.o
 .rodata.__func__.6348
                0x00011770       0x14 ./drivers/fsl_uart.o
 .rodata.__func__.6361
                0x00011784       0x18 ./drivers/fsl_uart.o
 .rodata.__func__.6372
                0x0001179c       0x1c ./drivers/fsl_uart.o
 .rodata.__func__.6380
                0x000117b8       0x20 ./drivers/fsl_uart.o
 .rodata.__func__.6391
                0x000117d8       0x20 ./drivers/fsl_uart.o
 .rodata.__func__.6410
                0x000117f8       0x20 ./drivers/fsl_uart.o
 .rodata.__func__.6424
                0x00011818       0x1c ./drivers/fsl_uart.o
 .rodata.__func__.6435
                0x00011834       0x18 ./drivers/fsl_uart.o
 .rodata.map    0x0001184c      0x100 ./crypto/aes256.o
 .rodata.crc32_table.3633
                0x0001194c      0x400 ./crypto/crc.o
 .rodata.sha1_padding
                0x00011d4c       0x40 ./crypto/sha1.o
 .rodata.g_defaultClockConfigRun
                0x00011d8c       0x20 ./board/clock_config.o
                0x00011d8c                g_defaultClockConfigRun
 .rodata.A7139Config
                0x00011dac       0x20 ./7139/A7139_CONFIG.o
                0x00011dac                A7139Config
 .rodata.A7139Config_PageA
                0x00011dcc       0x20 ./7139/A7139_CONFIG.o
                0x00011dcc                A7139Config_PageA
 .rodata.A7139Config_PageB
                0x00011dec        0xc ./7139/A7139_CONFIG.o
                0x00011dec                A7139Config_PageB
 .rodata.str1.1
                0x00011df8        0x2 c:/freescale/kds_3.0.0/toolchain/bin/../lib/gcc/arm-none-eabi/4.8.4/../../../../arm-none-eabi/lib/armv7e-m/fpu\libg_s.a(lib_a-impure.o)
 *fill*         0x00011dfa        0x2 
 .rodata._global_impure_ptr
                0x00011dfc        0x4 c:/freescale/kds_3.0.0/toolchain/bin/../lib/gcc/arm-none-eabi/4.8.4/../../../../arm-none-eabi/lib/armv7e-m/fpu\libg_s.a(lib_a-impure.o)
                0x00011dfc                _global_impure_ptr
 .rodata.str1.1
                0x00011e00        0x4 c:/freescale/kds_3.0.0/toolchain/bin/../lib/gcc/arm-none-eabi/4.8.4/../../../../arm-none-eabi/lib/armv7e-m/fpu\libg_s.a(lib_a-svfscanf.o)
 .rodata.str1.1
                0x00011e04        0xd c:/freescale/kds_3.0.0/toolchain/bin/../lib/gcc/arm-none-eabi/4.8.4/../../../../arm-none-eabi/lib/armv7e-m/fpu\libg_s.a(lib_a-vfprintf.o)
                                 0x11 (size before relaxing)
 .rodata.str1.1
                0x00011e11       0x22 c:/freescale/kds_3.0.0/toolchain/bin/../lib/gcc/arm-none-eabi/4.8.4/../../../../arm-none-eabi/lib/armv7e-m/fpu\libg_s.a(lib_a-vfprintf_i.o)
 .rodata.str1.1
                0x00011e33       0x1b c:/freescale/kds_3.0.0/toolchain/bin/../lib/gcc/arm-none-eabi/4.8.4/../../../../arm-none-eabi/lib/armv7e-m/fpu\libg_s.a(lib_a-vfscanf_i.o)
 .rodata._ctype_
                0x00011e4e      0x101 c:/freescale/kds_3.0.0/toolchain/bin/../lib/gcc/arm-none-eabi/4.8.4/../../../../arm-none-eabi/lib/armv7e-m/fpu\libg_s.a(lib_a-ctype_.o)
                0x00011e4e                _ctype_
 *fill*         0x00011f4f        0x1 
 .rodata.__sf_fake_stdin
                0x00011f50       0x20 c:/freescale/kds_3.0.0/toolchain/bin/../lib/gcc/arm-none-eabi/4.8.4/../../../../arm-none-eabi/lib/armv7e-m/fpu\libg_s.a(lib_a-findfp.o)
                0x00011f50                __sf_fake_stdin
 .rodata.__sf_fake_stdout
                0x00011f70       0x20 c:/freescale/kds_3.0.0/toolchain/bin/../lib/gcc/arm-none-eabi/4.8.4/../../../../arm-none-eabi/lib/armv7e-m/fpu\libg_s.a(lib_a-findfp.o)
                0x00011f70                __sf_fake_stdout
 .rodata.__sf_fake_stderr
                0x00011f90       0x20 c:/freescale/kds_3.0.0/toolchain/bin/../lib/gcc/arm-none-eabi/4.8.4/../../../../arm-none-eabi/lib/armv7e-m/fpu\libg_s.a(lib_a-findfp.o)
                0x00011f90                __sf_fake_stderr
 *(.glue_7)
 .glue_7        0x00000000        0x0 linker stubs
 *(.glue_7t)
 .glue_7t       0x00000000        0x0 linker stubs
 *(.eh_frame)
 .eh_frame      0x00011fb0        0x0 c:/freescale/kds_3.0.0/toolchain/bin/../lib/gcc/arm-none-eabi/4.8.4/armv7e-m/fpu/crtbegin.o
 *(.init)
 .init          0x00011fb0        0x4 c:/freescale/kds_3.0.0/toolchain/bin/../lib/gcc/arm-none-eabi/4.8.4/armv7e-m/fpu/crti.o
                0x00011fb0                _init
 .init          0x00011fb4        0x8 c:/freescale/kds_3.0.0/toolchain/bin/../lib/gcc/arm-none-eabi/4.8.4/armv7e-m/fpu/crtn.o
 *(.fini)
 .fini          0x00011fbc        0x4 c:/freescale/kds_3.0.0/toolchain/bin/../lib/gcc/arm-none-eabi/4.8.4/armv7e-m/fpu/crti.o
                0x00011fbc                _fini
 .fini          0x00011fc0        0x8 c:/freescale/kds_3.0.0/toolchain/bin/../lib/gcc/arm-none-eabi/4.8.4/armv7e-m/fpu/crtn.o
                0x00011fc8                . = ALIGN (0x4)

.vfp11_veneer   0x00011fc8        0x0
 .vfp11_veneer  0x00000000        0x0 linker stubs

.v4_bx          0x00011fc8        0x0
 .v4_bx         0x00000000        0x0 linker stubs

.iplt           0x00011fc8        0x0
 .iplt          0x00000000        0x0 c:/freescale/kds_3.0.0/toolchain/bin/../lib/gcc/arm-none-eabi/4.8.4/armv7e-m/fpu/crtbegin.o

.ARM.extab
 *(.ARM.extab* .gnu.linkonce.armextab.*)

.ARM            0x00011fc8        0x8
                0x00011fc8                __exidx_start = .
 *(.ARM.exidx*)
 .ARM.exidx     0x00011fc8        0x8 c:/freescale/kds_3.0.0/toolchain/bin/../lib/gcc/arm-none-eabi/4.8.4/../../../../arm-none-eabi/lib/armv7e-m/fpu/crt0.o
                0x00011fd0                __exidx_end = .

.rel.dyn        0x00011fd0        0x0
 .rel.iplt      0x00000000        0x0 c:/freescale/kds_3.0.0/toolchain/bin/../lib/gcc/arm-none-eabi/4.8.4/armv7e-m/fpu/crtbegin.o

.ctors          0x00011fd0        0x0
                0x00011fd0                __CTOR_LIST__ = .
 *crtbegin.o(.ctors)
 *crtbegin?.o(.ctors)
 *(EXCLUDE_FILE(*crtend.o *crtend?.o) .ctors)
 *(SORT(.ctors.*))
 *(.ctors)
                0x00011fd0                __CTOR_END__ = .

.dtors          0x00011fd0        0x0
                0x00011fd0                __DTOR_LIST__ = .
 *crtbegin.o(.dtors)
 *crtbegin?.o(.dtors)
 *(EXCLUDE_FILE(*crtend.o *crtend?.o) .dtors)
 *(SORT(.dtors.*))
 *(.dtors)
                0x00011fd0                __DTOR_END__ = .

.preinit_array  0x00011fd0        0x0
                0x00011fd0                PROVIDE (__preinit_array_start, .)
 *(.preinit_array*)
                0x00011fd0                PROVIDE (__preinit_array_end, .)

.init_array     0x00011fd0        0x4
                0x00011fd0                PROVIDE (__init_array_start, .)
 *(SORT(.init_array.*))
 *(.init_array*)
 .init_array    0x00011fd0        0x4 c:/freescale/kds_3.0.0/toolchain/bin/../lib/gcc/arm-none-eabi/4.8.4/armv7e-m/fpu/crtbegin.o
                0x00011fd4                PROVIDE (__init_array_end, .)

.fini_array     0x00011fd4        0x4
                0x00011fd4                PROVIDE (__fini_array_start, .)
 *(SORT(.fini_array.*))
 *(.fini_array*)
 .fini_array    0x00011fd4        0x4 c:/freescale/kds_3.0.0/toolchain/bin/../lib/gcc/arm-none-eabi/4.8.4/armv7e-m/fpu/crtbegin.o
                0x00011fd8                PROVIDE (__fini_array_end, .)
                0x00011fd8                __etext = .
                0x00011fd8                __DATA_ROM = .

.interrupts_ram
                0x1fff0000        0x0
                0x1fff0000                . = ALIGN (0x4)
                0x1fff0000                __VECTOR_RAM__ = .
                0x1fff0000                __interrupts_ram_start__ = .
 *(.m_interrupts_ram)
                0x1fff0000                . = (. + M_VECTOR_RAM_SIZE)
                0x1fff0000                . = ALIGN (0x4)
                0x1fff0000                __interrupts_ram_end__ = .
                0x00000000                __VECTOR_RAM = DEFINED (__ram_vector_table__)?__VECTOR_RAM__:ORIGIN (m_interrupts)
                0x00000000                __RAM_VECTOR_TABLE_SIZE_BYTES = DEFINED (__ram_vector_table__)?(__interrupts_ram_end__ - __interrupts_ram_start__):0x0

.data           0x1fff0000      0x5b0 load address 0x00011fd8
                0x1fff0000                . = ALIGN (0x4)
                0x1fff0000                __DATA_RAM = .
                0x1fff0000                __data_start__ = .
 *(.default_config)
 .default_config
                0x1fff0000      0x370 ./source/mode_ctl.o
                0x1fff0000                hbb_info
 *(.data)
 *(.data*)
 .data.SystemCoreClock
                0x1fff0370        0x4 ./startup/system_MK24F25612.o
                0x1fff0370                SystemCoreClock
 .data.at_config
                0x1fff0374       0x18 ./source/AT_analysis.o
                0x1fff0374                at_config
 .data.Playing_Buff_A
                0x1fff038c        0x1 ./source/audio_play.o
                0x1fff038c                Playing_Buff_A
 *fill*         0x1fff038d        0x3 
 .data.ppp_gprs_info
                0x1fff0390      0x104 ./source/uart_ppp.o
                0x1fff0390                ppp_gprs_info
 *fill*         0x1fff0494        0x4 
 .data.ppp_gprs_apn_pap_info
                0x1fff0498       0x90 ./source/uart_ppp.o
                0x1fff0498                ppp_gprs_apn_pap_info
 .data.post_status
                0x1fff0528        0x8 ./source/wdog.o
                0x1fff0528                post_status
 .data.wifi_key_press_flag
                0x1fff0530        0x4 ./source/wifi_module.o
                0x1fff0530                wifi_key_press_flag
 .data.uxCriticalNesting
                0x1fff0534        0x4 ./rtos/freertos_8.2.3_k24/Source/portable/GCC/ARM_CM4F/port.o
 .data.s_slowIrcFreq
                0x1fff0538        0x4 ./drivers/fsl_clock.o
 .data.s_fastIrcFreq